Archive member included to satisfy reference by file (symbol)

C:/ST/STM32CubeIDE_1.13.0/STM32CubeIDE/plugins/com.st.stm32cube.ide.mcu.externaltools.gnu-tools-for-stm32.11.3.rel1.win32_1.1.0.202305231506/tools/bin/../lib/gcc/arm-none-eabi/11.3.1/../../../../arm-none-eabi/lib/thumb/v7-m/nofp\libc_nano.a(libc_a-exit.o)
                              C:/ST/STM32CubeIDE_1.13.0/STM32CubeIDE/plugins/com.st.stm32cube.ide.mcu.externaltools.gnu-tools-for-stm32.11.3.rel1.win32_1.1.0.202305231506/tools/bin/../lib/gcc/arm-none-eabi/11.3.1/../../../../arm-none-eabi/lib/thumb/v7-m/nofp/crt0.o (exit)
C:/ST/STM32CubeIDE_1.13.0/STM32CubeIDE/plugins/com.st.stm32cube.ide.mcu.externaltools.gnu-tools-for-stm32.11.3.rel1.win32_1.1.0.202305231506/tools/bin/../lib/gcc/arm-none-eabi/11.3.1/../../../../arm-none-eabi/lib/thumb/v7-m/nofp\libc_nano.a(libc_a-findfp.o)
                              C:/ST/STM32CubeIDE_1.13.0/STM32CubeIDE/plugins/com.st.stm32cube.ide.mcu.externaltools.gnu-tools-for-stm32.11.3.rel1.win32_1.1.0.202305231506/tools/bin/../lib/gcc/arm-none-eabi/11.3.1/../../../../arm-none-eabi/lib/thumb/v7-m/nofp\libc_nano.a(libc_a-exit.o) (__stdio_exit_handler)
C:/ST/STM32CubeIDE_1.13.0/STM32CubeIDE/plugins/com.st.stm32cube.ide.mcu.externaltools.gnu-tools-for-stm32.11.3.rel1.win32_1.1.0.202305231506/tools/bin/../lib/gcc/arm-none-eabi/11.3.1/../../../../arm-none-eabi/lib/thumb/v7-m/nofp\libc_nano.a(libc_a-fwalk.o)
                              C:/ST/STM32CubeIDE_1.13.0/STM32CubeIDE/plugins/com.st.stm32cube.ide.mcu.externaltools.gnu-tools-for-stm32.11.3.rel1.win32_1.1.0.202305231506/tools/bin/../lib/gcc/arm-none-eabi/11.3.1/../../../../arm-none-eabi/lib/thumb/v7-m/nofp\libc_nano.a(libc_a-findfp.o) (_fwalk_sglue)
C:/ST/STM32CubeIDE_1.13.0/STM32CubeIDE/plugins/com.st.stm32cube.ide.mcu.externaltools.gnu-tools-for-stm32.11.3.rel1.win32_1.1.0.202305231506/tools/bin/../lib/gcc/arm-none-eabi/11.3.1/../../../../arm-none-eabi/lib/thumb/v7-m/nofp\libc_nano.a(libc_a-snprintf.o)
                              ./Core/Src/main.o (snprintf)
C:/ST/STM32CubeIDE_1.13.0/STM32CubeIDE/plugins/com.st.stm32cube.ide.mcu.externaltools.gnu-tools-for-stm32.11.3.rel1.win32_1.1.0.202305231506/tools/bin/../lib/gcc/arm-none-eabi/11.3.1/../../../../arm-none-eabi/lib/thumb/v7-m/nofp\libc_nano.a(libc_a-stdio.o)
                              C:/ST/STM32CubeIDE_1.13.0/STM32CubeIDE/plugins/com.st.stm32cube.ide.mcu.externaltools.gnu-tools-for-stm32.11.3.rel1.win32_1.1.0.202305231506/tools/bin/../lib/gcc/arm-none-eabi/11.3.1/../../../../arm-none-eabi/lib/thumb/v7-m/nofp\libc_nano.a(libc_a-findfp.o) (__sread)
C:/ST/STM32CubeIDE_1.13.0/STM32CubeIDE/plugins/com.st.stm32cube.ide.mcu.externaltools.gnu-tools-for-stm32.11.3.rel1.win32_1.1.0.202305231506/tools/bin/../lib/gcc/arm-none-eabi/11.3.1/../../../../arm-none-eabi/lib/thumb/v7-m/nofp\libc_nano.a(libc_a-memcmp.o)
                              ./Drivers/Third Party/SEGGER/OS/SEGGER_SYSVIEW_FreeRTOS.o (memcmp)
C:/ST/STM32CubeIDE_1.13.0/STM32CubeIDE/plugins/com.st.stm32cube.ide.mcu.externaltools.gnu-tools-for-stm32.11.3.rel1.win32_1.1.0.202305231506/tools/bin/../lib/gcc/arm-none-eabi/11.3.1/../../../../arm-none-eabi/lib/thumb/v7-m/nofp\libc_nano.a(libc_a-memset.o)
                              C:/ST/STM32CubeIDE_1.13.0/STM32CubeIDE/plugins/com.st.stm32cube.ide.mcu.externaltools.gnu-tools-for-stm32.11.3.rel1.win32_1.1.0.202305231506/tools/bin/../lib/gcc/arm-none-eabi/11.3.1/../../../../arm-none-eabi/lib/thumb/v7-m/nofp/crt0.o (memset)
C:/ST/STM32CubeIDE_1.13.0/STM32CubeIDE/plugins/com.st.stm32cube.ide.mcu.externaltools.gnu-tools-for-stm32.11.3.rel1.win32_1.1.0.202305231506/tools/bin/../lib/gcc/arm-none-eabi/11.3.1/../../../../arm-none-eabi/lib/thumb/v7-m/nofp\libc_nano.a(libc_a-closer.o)
                              C:/ST/STM32CubeIDE_1.13.0/STM32CubeIDE/plugins/com.st.stm32cube.ide.mcu.externaltools.gnu-tools-for-stm32.11.3.rel1.win32_1.1.0.202305231506/tools/bin/../lib/gcc/arm-none-eabi/11.3.1/../../../../arm-none-eabi/lib/thumb/v7-m/nofp\libc_nano.a(libc_a-stdio.o) (_close_r)
C:/ST/STM32CubeIDE_1.13.0/STM32CubeIDE/plugins/com.st.stm32cube.ide.mcu.externaltools.gnu-tools-for-stm32.11.3.rel1.win32_1.1.0.202305231506/tools/bin/../lib/gcc/arm-none-eabi/11.3.1/../../../../arm-none-eabi/lib/thumb/v7-m/nofp\libc_nano.a(libc_a-reent.o)
                              C:/ST/STM32CubeIDE_1.13.0/STM32CubeIDE/plugins/com.st.stm32cube.ide.mcu.externaltools.gnu-tools-for-stm32.11.3.rel1.win32_1.1.0.202305231506/tools/bin/../lib/gcc/arm-none-eabi/11.3.1/../../../../arm-none-eabi/lib/thumb/v7-m/nofp\libc_nano.a(libc_a-closer.o) (errno)
C:/ST/STM32CubeIDE_1.13.0/STM32CubeIDE/plugins/com.st.stm32cube.ide.mcu.externaltools.gnu-tools-for-stm32.11.3.rel1.win32_1.1.0.202305231506/tools/bin/../lib/gcc/arm-none-eabi/11.3.1/../../../../arm-none-eabi/lib/thumb/v7-m/nofp\libc_nano.a(libc_a-impure.o)
[...]
Memory Configuration

Name             Origin             Length             Attributes
RAM              0x0000000020000000 0x0000000000005000 xrw
FLASH            0x0000000008000000 0x0000000000010000 xr
*default*        0x0000000000000000 0xffffffffffffffff

Linker script and memory map

LOAD C:/ST/STM32CubeIDE_1.13.0/STM32CubeIDE/plugins/com.st.stm32cube.ide.mcu.externaltools.gnu-tools-for-stm32.11.3.rel1.win32_1.1.0.202305231506/tools/bin/../lib/gcc/arm-none-eabi/11.3.1/thumb/v7-m/nofp/crti.o
LOAD C:/ST/STM32CubeIDE_1.13.0/STM32CubeIDE/plugins/com.st.stm32cube.ide.mcu.externaltools.gnu-tools-for-stm32.11.3.rel1.win32_1.1.0.202305231506/tools/bin/../lib/gcc/arm-none-eabi/11.3.1/thumb/v7-m/nofp/crtbegin.o
LOAD C:/ST/STM32CubeIDE_1.13.0/STM32CubeIDE/plugins/com.st.stm32cube.ide.mcu.externaltools.gnu-tools-for-stm32.11.3.rel1.win32_1.1.0.202305231506/tools/bin/../lib/gcc/arm-none-eabi/11.3.1/../../../../arm-none-eabi/lib/thumb/v7-m/nofp/crt0.o
LOAD ./Core/Src/main.o
LOAD ./Core/Src/stm32f1xx_hal_msp.o
LOAD ./Core/Src/stm32f1xx_hal_timebase_tim.o
LOAD ./Core/Src/stm32f1xx_it.o
LOAD ./Core/Src/syscalls.o
LOAD ./Core/Src/system_stm32f1xx.o
LOAD ./Core/Startup/startup_stm32f103c8tx.o
LOAD ./Drivers/STM32F1xx_HAL_Driver/Src/stm32f1xx_hal.o
LOAD ./Drivers/STM32F1xx_HAL_Driver/Src/stm32f1xx_hal_cortex.o
LOAD ./Drivers/STM32F1xx_HAL_Driver/Src/stm32f1xx_hal_dma.o
LOAD ./Drivers/STM32F1xx_HAL_Driver/Src/stm32f1xx_hal_exti.o
LOAD ./Drivers/STM32F1xx_HAL_Driver/Src/stm32f1xx_hal_flash.o
LOAD ./Drivers/STM32F1xx_HAL_Driver/Src/stm32f1xx_hal_flash_ex.o
LOAD ./Drivers/STM32F1xx_HAL_Driver/Src/stm32f1xx_hal_gpio.o
LOAD ./Drivers/STM32F1xx_HAL_Driver/Src/stm32f1xx_hal_gpio_ex.o
LOAD ./Drivers/STM32F1xx_HAL_Driver/Src/stm32f1xx_hal_pwr.o
LOAD ./Drivers/STM32F1xx_HAL_Driver/Src/stm32f1xx_hal_rcc.o
LOAD ./Drivers/STM32F1xx_HAL_Driver/Src/stm32f1xx_hal_rcc_ex.o
LOAD ./Drivers/STM32F1xx_HAL_Driver/Src/stm32f1xx_hal_tim.o
LOAD ./Drivers/STM32F1xx_HAL_Driver/Src/stm32f1xx_hal_tim_ex.o
LOAD ./Drivers/Third Party/FreeRTOS/croutine.o
LOAD ./Drivers/Third Party/FreeRTOS/event_groups.o
LOAD ./Drivers/Third Party/FreeRTOS/list.o
LOAD ./Drivers/Third Party/FreeRTOS/queue.o
LOAD ./Drivers/Third Party/FreeRTOS/stream_buffer.o
LOAD ./Drivers/Third Party/FreeRTOS/tasks.o
LOAD ./Drivers/Third Party/FreeRTOS/timers.o
LOAD ./Drivers/Third Party/FreeRTOS/portable/GCC/ARM_CM3/port.o
LOAD ./Drivers/Third Party/FreeRTOS/portable/MemMang/heap_4.o
LOAD ./Drivers/Third Party/SEGGER/Config/SEGGER_SYSVIEW_Config_FreeRTOS.o
LOAD ./Drivers/Third Party/SEGGER/OS/SEGGER_SYSVIEW_FreeRTOS.o
LOAD ./Drivers/Third Party/SEGGER/SEGGER/SEGGER_RTT.o
LOAD ./Drivers/Third Party/SEGGER/SEGGER/SEGGER_RTT_ASM_ARMv7M.o
LOAD ./Drivers/Third Party/SEGGER/SEGGER/SEGGER_RTT_printf.o
LOAD ./Drivers/Third Party/SEGGER/SEGGER/SEGGER_SYSVIEW.o
LOAD ./Drivers/Third Party/SEGGER/SEGGER/Syscalls/SEGGER_RTT_Syscalls_GCC.o
START GROUP
LOAD C:/ST/STM32CubeIDE_1.13.0/STM32CubeIDE/plugins/com.st.stm32cube.ide.mcu.externaltools.gnu-tools-for-stm32.11.3.rel1.win32_1.1.0.202305231506/tools/bin/../lib/gcc/arm-none-eabi/11.3.1/../../../../arm-none-eabi/lib/thumb/v7-m/nofp\libc_nano.a
LOAD C:/ST/STM32CubeIDE_1.13.0/STM32CubeIDE/plugins/com.st.stm32cube.ide.mcu.externaltools.gnu-tools-for-stm32.11.3.rel1.win32_1.1.0.202305231506/tools/bin/../lib/gcc/arm-none-eabi/11.3.1/../../../../arm-none-eabi/lib/thumb/v7-m/nofp\libm.a
END GROUP
START GROUP
LOAD C:/ST/STM32CubeIDE_1.13.0/STM32CubeIDE/plugins/com.st.stm32cube.ide.mcu.externaltools.gnu-tools-for-stm32.11.3.rel1.win32_1.1.0.202305231506/tools/bin/../lib/gcc/arm-none-eabi/11.3.1/thumb/v7-m/nofp\libgcc.a
LOAD C:/ST/STM32CubeIDE_1.13.0/STM32CubeIDE/plugins/com.st.stm32cube.ide.mcu.externaltools.gnu-tools-for-stm32.11.3.rel1.win32_1.1.0.202305231506/tools/bin/../lib/gcc/arm-none-eabi/11.3.1/../../../../arm-none-eabi/lib/thumb/v7-m/nofp\libc_nano.a
END GROUP
START GROUP
LOAD C:/ST/STM32CubeIDE_1.13.0/STM32CubeIDE/plugins/com.st.stm32cube.ide.mcu.externaltools.gnu-tools-for-stm32.11.3.rel1.win32_1.1.0.202305231506/tools/bin/../lib/gcc/arm-none-eabi/11.3.1/thumb/v7-m/nofp\libgcc.a
LOAD C:/ST/STM32CubeIDE_1.13.0/STM32CubeIDE/plugins/com.st.stm32cube.ide.mcu.externaltools.gnu-tools-for-stm32.11.3.rel1.win32_1.1.0.202305231506/tools/bin/../lib/gcc/arm-none-eabi/11.3.1/../../../../arm-none-eabi/lib/thumb/v7-m/nofp\libc_nano.a
LOAD C:/ST/STM32CubeIDE_1.13.0/STM32CubeIDE/plugins/com.st.stm32cube.ide.mcu.externaltools.gnu-tools-for-stm32.11.3.rel1.win32_1.1.0.202305231506/tools/bin/../lib/gcc/arm-none-eabi/11.3.1/../../../../arm-none-eabi/lib/thumb/v7-m/nofp\libnosys.a
END GROUP
START GROUP
LOAD C:/ST/STM32CubeIDE_1.13.0/STM32CubeIDE/plugins/com.st.stm32cube.ide.mcu.externaltools.gnu-tools-for-stm32.11.3.rel1.win32_1.1.0.202305231506/tools/bin/../lib/gcc/arm-none-eabi/11.3.1/thumb/v7-m/nofp\libgcc.a
LOAD C:/ST/STM32CubeIDE_1.13.0/STM32CubeIDE/plugins/com.st.stm32cube.ide.mcu.externaltools.gnu-tools-for-stm32.11.3.rel1.win32_1.1.0.202305231506/tools/bin/../lib/gcc/arm-none-eabi/11.3.1/../../../../arm-none-eabi/lib/thumb/v7-m/nofp\libc_nano.a
LOAD C:/ST/STM32CubeIDE_1.13.0/STM32CubeIDE/plugins/com.st.stm32cube.ide.mcu.externaltools.gnu-tools-for-stm32.11.3.rel1.win32_1.1.0.202305231506/tools/bin/../lib/gcc/arm-none-eabi/11.3.1/../../../../arm-none-eabi/lib/thumb/v7-m/nofp\libnosys.a
END GROUP
LOAD C:/ST/STM32CubeIDE_1.13.0/STM32CubeIDE/plugins/com.st.stm32cube.ide.mcu.externaltools.gnu-tools-for-stm32.11.3.rel1.win32_1.1.0.202305231506/tools/bin/../lib/gcc/arm-none-eabi/11.3.1/thumb/v7-m/nofp/crtend.o
LOAD C:/ST/STM32CubeIDE_1.13.0/STM32CubeIDE/plugins/com.st.stm32cube.ide.mcu.externaltools.gnu-tools-for-stm32.11.3.rel1.win32_1.1.0.202305231506/tools/bin/../lib/gcc/arm-none-eabi/11.3.1/thumb/v7-m/nofp/crtn.o
                0x0000000020005000                _estack = (ORIGIN (RAM) + LENGTH (RAM))
                0x0000000000000200                _Min_Heap_Size = 0x200
                0x0000000000000400                _Min_Stack_Size = 0x400

.isr_vector     0x0000000008000000      0x10c
                0x0000000008000000                . = ALIGN (0x4)
 *(.isr_vector)
 .isr_vector    0x0000000008000000      0x10c ./Core/Startup/startup_stm32f103c8tx.o
                0x0000000008000000                g_pfnVectors
                0x000000000800010c                . = ALIGN (0x4)

.text           0x0000000008000110     0x4e68
                0x0000000008000110                . = ALIGN (0x4)
 *(.text)
 .text          0x0000000008000110       0x40 C:/ST/STM32CubeIDE_1.13.0/STM32CubeIDE/plugins/com.st.stm32cube.ide.mcu.externaltools.gnu-tools-for-stm32.11.3.rel1.win32_1.1.0.202305231506/tools/bin/../lib/gcc/arm-none-eabi/11.3.1/thumb/v7-m/nofp/crtbegin.o
 .text          0x0000000008000150       0x8c ./Drivers/Third Party/SEGGER/SEGGER/SEGGER_RTT_ASM_ARMv7M.o
                0x0000000008000150                SEGGER_RTT_ASM_WriteSkipNoLock
 *(.text*)
 .text.main     0x00000000080001dc       0x7c ./Core/Src/main.o
                0x00000000080001dc                main
 .text.SystemClock_Config
                0x0000000008000258       0x8a ./Core/Src/main.o
                0x0000000008000258                SystemClock_Config
 *fill*         0x00000000080002e2        0x2 
 .text.MX_GPIO_Init
                0x00000000080002e4       0x94 ./Core/Src/main.o
 .text.Task_1   0x0000000008000378       0x4c ./Core/Src/main.o
                0x0000000008000378                Task_1
 .text.Task_2   0x00000000080003c4       0x4c ./Core/Src/main.o
                0x00000000080003c4                Task_2
 .text.HAL_TIM_PeriodElapsedCallback
                0x0000000008000410       0x24 ./Core/Src/main.o
                0x0000000008000410                HAL_TIM_PeriodElapsedCallback
 .text.Error_Handler
                0x0000000008000434        0xa ./Core/Src/main.o
                0x0000000008000434                Error_Handler
 *fill*         0x000000000800043e        0x2 
 .text.HAL_MspInit
                0x0000000008000440       0x64 ./Core/Src/stm32f1xx_hal_msp.o
                0x0000000008000440                HAL_MspInit
 .text.HAL_InitTick
                0x00000000080004a4       0xfc ./Core/Src/stm32f1xx_hal_timebase_tim.o
                0x00000000080004a4                HAL_InitTick
 .text.NMI_Handler
                0x00000000080005a0        0x6 ./Core/Src/stm32f1xx_it.o
                0x00000000080005a0                NMI_Handler
 .text.HardFault_Handler
                0x00000000080005a6        0x6 ./Core/Src/stm32f1xx_it.o
                0x00000000080005a6                HardFault_Handler
 .text.MemManage_Handler
                0x00000000080005ac        0x6 ./Core/Src/stm32f1xx_it.o
                0x00000000080005ac                MemManage_Handler
 .text.BusFault_Handler
                0x00000000080005b2        0x6 ./Core/Src/stm32f1xx_it.o
                0x00000000080005b2                BusFault_Handler
 .text.UsageFault_Handler
                0x00000000080005b8        0x6 ./Core/Src/stm32f1xx_it.o
                0x00000000080005b8                UsageFault_Handler
 .text.DebugMon_Handler
                0x00000000080005be        0xc ./Core/Src/stm32f1xx_it.o
                0x00000000080005be                DebugMon_Handler
 *fill*         0x00000000080005ca        0x2 
 .text.TIM4_IRQHandler
                0x00000000080005cc       0x14 ./Core/Src/stm32f1xx_it.o
                0x00000000080005cc                TIM4_IRQHandler
 .text.SystemInit
                0x00000000080005e0        0xc ./Core/Src/system_stm32f1xx.o
                0x00000000080005e0                SystemInit
 .text.Reset_Handler
                0x00000000080005ec       0x48 ./Core/Startup/startup_stm32f103c8tx.o
                0x00000000080005ec                Reset_Handler
 .text.Default_Handler
                0x0000000008000634        0x2 ./Core/Startup/startup_stm32f103c8tx.o
                0x0000000008000634                RTC_Alarm_IRQHandler
                0x0000000008000634                EXTI2_IRQHandler
                0x0000000008000634                TIM1_CC_IRQHandler
                0x0000000008000634                PVD_IRQHandler
                0x0000000008000634                EXTI3_IRQHandler
                0x0000000008000634                EXTI0_IRQHandler
                0x0000000008000634                I2C2_EV_IRQHandler
                0x0000000008000634                ADC1_2_IRQHandler
                0x0000000008000634                SPI1_IRQHandler
                0x0000000008000634                TAMPER_IRQHandler
                0x0000000008000634                DMA1_Channel4_IRQHandler
                0x0000000008000634                USART3_IRQHandler
                0x0000000008000634                RTC_IRQHandler
                0x0000000008000634                DMA1_Channel7_IRQHandler
                0x0000000008000634                CAN1_RX1_IRQHandler
                0x0000000008000634                I2C1_EV_IRQHandler
                0x0000000008000634                DMA1_Channel6_IRQHandler
                0x0000000008000634                TIM3_IRQHandler
                0x0000000008000634                RCC_IRQHandler
                0x0000000008000634                TIM1_TRG_COM_IRQHandler
                0x0000000008000634                DMA1_Channel1_IRQHandler
                0x0000000008000634                Default_Handler
                0x0000000008000634                EXTI15_10_IRQHandler
                0x0000000008000634                EXTI9_5_IRQHandler
                0x0000000008000634                SPI2_IRQHandler
                0x0000000008000634                DMA1_Channel5_IRQHandler
                0x0000000008000634                EXTI4_IRQHandler
                0x0000000008000634                USB_LP_CAN1_RX0_IRQHandler
                0x0000000008000634                USB_HP_CAN1_TX_IRQHandler
                0x0000000008000634                DMA1_Channel3_IRQHandler
                0x0000000008000634                TIM1_UP_IRQHandler
                0x0000000008000634                WWDG_IRQHandler
                0x0000000008000634                TIM2_IRQHandler
                0x0000000008000634                TIM1_BRK_IRQHandler
                0x0000000008000634                EXTI1_IRQHandler
                0x0000000008000634                USART2_IRQHandler
                0x0000000008000634                I2C2_ER_IRQHandler
                0x0000000008000634                DMA1_Channel2_IRQHandler
                0x0000000008000634                CAN1_SCE_IRQHandler
                0x0000000008000634                FLASH_IRQHandler
                0x0000000008000634                USART1_IRQHandler
                0x0000000008000634                I2C1_ER_IRQHandler
                0x0000000008000634                USBWakeUp_IRQHandler
 *fill*         0x0000000008000636        0x2 
 .text.HAL_Init
                0x0000000008000638       0x2c ./Drivers/STM32F1xx_HAL_Driver/Src/stm32f1xx_hal.o
                0x0000000008000638                HAL_Init
 .text.HAL_IncTick
                0x0000000008000664       0x24 ./Drivers/STM32F1xx_HAL_Driver/Src/stm32f1xx_hal.o
                0x0000000008000664                HAL_IncTick
 .text.HAL_GetTick
                0x0000000008000688       0x14 ./Drivers/STM32F1xx_HAL_Driver/Src/stm32f1xx_hal.o
                0x0000000008000688                HAL_GetTick
 .text.__NVIC_SetPriorityGrouping
                0x000000000800069c       0x48 ./Drivers/STM32F1xx_HAL_Driver/Src/stm32f1xx_hal_cortex.o
 .text.__NVIC_GetPriorityGrouping
                0x00000000080006e4       0x1c ./Drivers/STM32F1xx_HAL_Driver/Src/stm32f1xx_hal_cortex.o
 .text.__NVIC_EnableIRQ
                0x0000000008000700       0x38 ./Drivers/STM32F1xx_HAL_Driver/Src/stm32f1xx_hal_cortex.o
 .text.__NVIC_SetPriority
                0x0000000008000738       0x54 ./Drivers/STM32F1xx_HAL_Driver/Src/stm32f1xx_hal_cortex.o
 .text.NVIC_EncodePriority
                0x000000000800078c       0x64 ./Drivers/STM32F1xx_HAL_Driver/Src/stm32f1xx_hal_cortex.o
 .text.HAL_NVIC_SetPriorityGrouping
                0x00000000080007f0       0x16 ./Drivers/STM32F1xx_HAL_Driver/Src/stm32f1xx_hal_cortex.o
                0x00000000080007f0                HAL_NVIC_SetPriorityGrouping
 .text.HAL_NVIC_SetPriority
                0x0000000008000806       0x38 ./Drivers/STM32F1xx_HAL_Driver/Src/stm32f1xx_hal_cortex.o
                0x0000000008000806                HAL_NVIC_SetPriority
 .text.HAL_NVIC_EnableIRQ
                0x000000000800083e       0x1c ./Drivers/STM32F1xx_HAL_Driver/Src/stm32f1xx_hal_cortex.o
                0x000000000800083e                HAL_NVIC_EnableIRQ
 *fill*         0x000000000800085a        0x2 
 .text.HAL_GPIO_Init
                0x000000000800085c      0x308 ./Drivers/STM32F1xx_HAL_Driver/Src/stm32f1xx_hal_gpio.o
                0x000000000800085c                HAL_GPIO_Init
 .text.HAL_GPIO_WritePin
                0x0000000008000b64       0x30 ./Drivers/STM32F1xx_HAL_Driver/Src/stm32f1xx_hal_gpio.o
                0x0000000008000b64                HAL_GPIO_WritePin
 .text.HAL_RCC_OscConfig
                0x0000000008000b94      0x504 ./Drivers/STM32F1xx_HAL_Driver/Src/stm32f1xx_hal_rcc.o
                0x0000000008000b94                HAL_RCC_OscConfig
 .text.HAL_RCC_ClockConfig
                0x0000000008001098      0x1d4 ./Drivers/STM32F1xx_HAL_Driver/Src/stm32f1xx_hal_rcc.o
                0x0000000008001098                HAL_RCC_ClockConfig
 .text.HAL_RCC_GetSysClockFreq
                0x000000000800126c       0xa8 ./Drivers/STM32F1xx_HAL_Driver/Src/stm32f1xx_hal_rcc.o
                0x000000000800126c                HAL_RCC_GetSysClockFreq
 .text.HAL_RCC_GetHCLKFreq
                0x0000000008001314       0x14 ./Drivers/STM32F1xx_HAL_Driver/Src/stm32f1xx_hal_rcc.o
                0x0000000008001314                HAL_RCC_GetHCLKFreq
 .text.HAL_RCC_GetPCLK1Freq
                0x0000000008001328       0x28 ./Drivers/STM32F1xx_HAL_Driver/Src/stm32f1xx_hal_rcc.o
                0x0000000008001328                HAL_RCC_GetPCLK1Freq
 .text.HAL_RCC_GetClockConfig
                0x0000000008001350       0x60 ./Drivers/STM32F1xx_HAL_Driver/Src/stm32f1xx_hal_rcc.o
                0x0000000008001350                HAL_RCC_GetClockConfig
 .text.RCC_Delay
                0x00000000080013b0       0x3c ./Drivers/STM32F1xx_HAL_Driver/Src/stm32f1xx_hal_rcc.o
 .text.HAL_TIM_Base_Init
                0x00000000080013ec       0x9e ./Drivers/STM32F1xx_HAL_Driver/Src/stm32f1xx_hal_tim.o
                0x00000000080013ec                HAL_TIM_Base_Init
 .text.HAL_TIM_Base_MspInit
                0x000000000800148a       0x12 ./Drivers/STM32F1xx_HAL_Driver/Src/stm32f1xx_hal_tim.o
                0x000000000800148a                HAL_TIM_Base_MspInit
 .text.HAL_TIM_Base_Start_IT
                0x000000000800149c       0xa4 ./Drivers/STM32F1xx_HAL_Driver/Src/stm32f1xx_hal_tim.o
                0x000000000800149c                HAL_TIM_Base_Start_IT
 .text.HAL_TIM_IRQHandler
                0x0000000008001540      0x210 ./Drivers/STM32F1xx_HAL_Driver/Src/stm32f1xx_hal_tim.o
                0x0000000008001540                HAL_TIM_IRQHandler
 .text.HAL_TIM_OC_DelayElapsedCallback
                0x0000000008001750       0x12 ./Drivers/STM32F1xx_HAL_Driver/Src/stm32f1xx_hal_tim.o
                0x0000000008001750                HAL_TIM_OC_DelayElapsedCallback
 .text.HAL_TIM_IC_CaptureCallback
                0x0000000008001762       0x12 ./Drivers/STM32F1xx_HAL_Driver/Src/stm32f1xx_hal_tim.o
                0x0000000008001762                HAL_TIM_IC_CaptureCallback
 .text.HAL_TIM_PWM_PulseFinishedCallback
                0x0000000008001774       0x12 ./Drivers/STM32F1xx_HAL_Driver/Src/stm32f1xx_hal_tim.o
                0x0000000008001774                HAL_TIM_PWM_PulseFinishedCallback
 .text.HAL_TIM_TriggerCallback
                0x0000000008001786       0x12 ./Drivers/STM32F1xx_HAL_Driver/Src/stm32f1xx_hal_tim.o
                0x0000000008001786                HAL_TIM_TriggerCallback
 .text.TIM_Base_SetConfig
                0x0000000008001798       0xc4 ./Drivers/STM32F1xx_HAL_Driver/Src/stm32f1xx_hal_tim.o
                0x0000000008001798                TIM_Base_SetConfig
 .text.HAL_TIMEx_CommutCallback
                0x000000000800185c       0x12 ./Drivers/STM32F1xx_HAL_Driver/Src/stm32f1xx_hal_tim_ex.o
                0x000000000800185c                HAL_TIMEx_CommutCallback
 .text.HAL_TIMEx_BreakCallback
                0x000000000800186e       0x12 ./Drivers/STM32F1xx_HAL_Driver/Src/stm32f1xx_hal_tim_ex.o
                0x000000000800186e                HAL_TIMEx_BreakCallback
 .text.vListInitialise
                0x0000000008001880       0x3e ./Drivers/Third Party/FreeRTOS/list.o
                0x0000000008001880                vListInitialise
 .text.vListInitialiseItem
                0x00000000080018be       0x18 ./Drivers/Third Party/FreeRTOS/list.o
                0x00000000080018be                vListInitialiseItem
 .text.uxListRemove
                0x00000000080018d6       0x52 ./Drivers/Third Party/FreeRTOS/list.o
                0x00000000080018d6                uxListRemove
 .text.xTaskCreate
                0x0000000008001928       0x8c ./Drivers/Third Party/FreeRTOS/tasks.o
                0x0000000008001928                xTaskCreate
 .text.prvInitialiseNewTask
                0x00000000080019b4       0xe0 ./Drivers/Third Party/FreeRTOS/tasks.o
 .text.prvAddNewTaskToReadyList
                0x0000000008001a94      0x168 ./Drivers/Third Party/FreeRTOS/tasks.o
 .text.vTaskStartScheduler
                0x0000000008001bfc       0x98 ./Drivers/Third Party/FreeRTOS/tasks.o
                0x0000000008001bfc                vTaskStartScheduler
 .text.vTaskSuspendAll
                0x0000000008001c94       0x1c ./Drivers/Third Party/FreeRTOS/tasks.o
                0x0000000008001c94                vTaskSuspendAll
 .text.xTaskResumeAll
                0x0000000008001cb0      0x1e0 ./Drivers/Third Party/FreeRTOS/tasks.o
                0x0000000008001cb0                xTaskResumeAll
 .text.xTaskGetTickCountFromISR
                0x0000000008001e90       0x20 ./Drivers/Third Party/FreeRTOS/tasks.o
                0x0000000008001e90                xTaskGetTickCountFromISR
 .text.xTaskIncrementTick
                0x0000000008001eb0      0x214 ./Drivers/Third Party/FreeRTOS/tasks.o
                0x0000000008001eb0                xTaskIncrementTick
 .text.vTaskSwitchContext
                0x00000000080020c4       0xa8 ./Drivers/Third Party/FreeRTOS/tasks.o
                0x00000000080020c4                vTaskSwitchContext
 .text.prvIdleTask
                0x000000000800216c       0x30 ./Drivers/Third Party/FreeRTOS/tasks.o
 .text.prvInitialiseTaskLists
                0x000000000800219c       0x80 ./Drivers/Third Party/FreeRTOS/tasks.o
 .text.prvCheckTasksWaitingTermination
                0x000000000800221c       0x5c ./Drivers/Third Party/FreeRTOS/tasks.o
 .text.prvDeleteTCB
                0x0000000008002278       0x20 ./Drivers/Third Party/FreeRTOS/tasks.o
 .text.prvResetNextTaskUnblockTime
                0x0000000008002298       0x34 ./Drivers/Third Party/FreeRTOS/tasks.o
 .text.pxPortInitialiseStack
                0x00000000080022cc       0x58 ./Drivers/Third Party/FreeRTOS/portable/GCC/ARM_CM3/port.o
                0x00000000080022cc                pxPortInitialiseStack
 .text.prvTaskExitError
                0x0000000008002324       0x32 ./Drivers/Third Party/FreeRTOS/portable/GCC/ARM_CM3/port.o
 *fill*         0x0000000008002356        0xa 
 .text.SVC_Handler
                0x0000000008002360       0x28 ./Drivers/Third Party/FreeRTOS/portable/GCC/ARM_CM3/port.o
                0x0000000008002360                SVC_Handler
 .text.prvPortStartFirstTask
                0x0000000008002388       0x24 ./Drivers/Third Party/FreeRTOS/portable/GCC/ARM_CM3/port.o
 .text.xPortStartScheduler
                0x00000000080023ac       0x40 ./Drivers/Third Party/FreeRTOS/portable/GCC/ARM_CM3/port.o
                0x00000000080023ac                xPortStartScheduler
 .text.vPortEnterCritical
                0x00000000080023ec       0x34 ./Drivers/Third Party/FreeRTOS/portable/GCC/ARM_CM3/port.o
                0x00000000080023ec                vPortEnterCritical
 .text.vPortExitCritical
                0x0000000008002420       0x34 ./Drivers/Third Party/FreeRTOS/portable/GCC/ARM_CM3/port.o
                0x0000000008002420                vPortExitCritical
 *fill*         0x0000000008002454        0xc 
 .text.PendSV_Handler
                0x0000000008002460       0x48 ./Drivers/Third Party/FreeRTOS/portable/GCC/ARM_CM3/port.o
                0x0000000008002460                PendSV_Handler
 .text.SysTick_Handler
                0x00000000080024a8       0x44 ./Drivers/Third Party/FreeRTOS/portable/GCC/ARM_CM3/port.o
                0x00000000080024a8                SysTick_Handler
 .text.vPortSetupTimerInterrupt
                0x00000000080024ec       0x34 ./Drivers/Third Party/FreeRTOS/portable/GCC/ARM_CM3/port.o
                0x00000000080024ec                vPortSetupTimerInterrupt
 .text.pvPortMalloc
                0x0000000008002520      0x134 ./Drivers/Third Party/FreeRTOS/portable/MemMang/heap_4.o
                0x0000000008002520                pvPortMalloc
 .text.vPortFree
                0x0000000008002654       0x7c ./Drivers/Third Party/FreeRTOS/portable/MemMang/heap_4.o
                0x0000000008002654                vPortFree
 .text.prvHeapInit
                0x00000000080026d0       0xb8 ./Drivers/Third Party/FreeRTOS/portable/MemMang/heap_4.o
 .text.prvInsertBlockIntoFreeList
                0x0000000008002788       0xb0 ./Drivers/Third Party/FreeRTOS/portable/MemMang/heap_4.o
 .text._cbSendSystemDesc
                0x0000000008002838       0x1c ./Drivers/Third Party/SEGGER/Config/SEGGER_SYSVIEW_Config_FreeRTOS.o
 .text.SEGGER_SYSVIEW_Conf
                0x0000000008002854       0x28 ./Drivers/Third Party/SEGGER/Config/SEGGER_SYSVIEW_Config_FreeRTOS.o
                0x0000000008002854                SEGGER_SYSVIEW_Conf
 .text._cbSendTaskList
                0x000000000800287c       0x90 ./Drivers/Third Party/SEGGER/OS/SEGGER_SYSVIEW_FreeRTOS.o
 .text._cbGetTime
                0x000000000800290c       0x86 ./Drivers/Third Party/SEGGER/OS/SEGGER_SYSVIEW_FreeRTOS.o
 *fill*         0x0000000008002992        0x2 
 .text.SYSVIEW_AddTask
                0x0000000008002994       0xd0 ./Drivers/Third Party/SEGGER/OS/SEGGER_SYSVIEW_FreeRTOS.o
                0x0000000008002994                SYSVIEW_AddTask
 .text.SYSVIEW_SendTaskInfo
                0x0000000008002a64       0x42 ./Drivers/Third Party/SEGGER/OS/SEGGER_SYSVIEW_FreeRTOS.o
                0x0000000008002a64                SYSVIEW_SendTaskInfo
 *fill*         0x0000000008002aa6        0x2 
 .text._DoInit  0x0000000008002aa8       0xa4 ./Drivers/Third Party/SEGGER/SEGGER/SEGGER_RTT.o
 .text.SEGGER_RTT_ReadNoLock
                0x0000000008002b4c      0x10c ./Drivers/Third Party/SEGGER/SEGGER/SEGGER_RTT.o
                0x0000000008002b4c                SEGGER_RTT_ReadNoLock
 .text.SEGGER_RTT_AllocUpBuffer
                0x0000000008002c58      0x104 ./Drivers/Third Party/SEGGER/SEGGER/SEGGER_RTT.o
                0x0000000008002c58                SEGGER_RTT_AllocUpBuffer
 .text.SEGGER_RTT_ConfigDownBuffer
                0x0000000008002d5c       0xdc ./Drivers/Third Party/SEGGER/SEGGER/SEGGER_RTT.o
                0x0000000008002d5c                SEGGER_RTT_ConfigDownBuffer
 .text._EncodeStr
                0x0000000008002e38       0x98 ./Drivers/Third Party/SEGGER/SEGGER/SEGGER_SYSVIEW.o
 .text._PreparePacket
                0x0000000008002ed0       0x16 ./Drivers/Third Party/SEGGER/SEGGER/SEGGER_SYSVIEW.o
 *fill*         0x0000000008002ee6        0x2 
 .text._HandleIncomingPacket
                0x0000000008002ee8       0xe0 ./Drivers/Third Party/SEGGER/SEGGER/SEGGER_SYSVIEW.o
 .text._TrySendOverflowPacket
                0x0000000008002fc8       0xe4 ./Drivers/Third Party/SEGGER/SEGGER/SEGGER_SYSVIEW.o
 .text._SendPacket
                0x00000000080030ac      0x1cc ./Drivers/Third Party/SEGGER/SEGGER/SEGGER_SYSVIEW.o
 .text._StoreChar
                0x0000000008003278       0xf6 ./Drivers/Third Party/SEGGER/SEGGER/SEGGER_SYSVIEW.o
 *fill*         0x000000000800336e        0x2 
 .text._PrintUnsigned
                0x0000000008003370      0x12c ./Drivers/Third Party/SEGGER/SEGGER/SEGGER_SYSVIEW.o
 .text._PrintInt
                0x000000000800349c      0x11e ./Drivers/Third Party/SEGGER/SEGGER/SEGGER_SYSVIEW.o
 *fill*         0x00000000080035ba        0x2 
 .text._VPrintTarget
                0x00000000080035bc      0x3f0 ./Drivers/Third Party/SEGGER/SEGGER/SEGGER_SYSVIEW.o
 .text.SEGGER_SYSVIEW_Init
                0x00000000080039ac       0x88 ./Drivers/Third Party/SEGGER/SEGGER/SEGGER_SYSVIEW.o
                0x00000000080039ac                SEGGER_SYSVIEW_Init
 .text.SEGGER_SYSVIEW_SetRAMBase
                0x0000000008003a34       0x1c ./Drivers/Third Party/SEGGER/SEGGER/SEGGER_SYSVIEW.o
                0x0000000008003a34                SEGGER_SYSVIEW_SetRAMBase
 .text.SEGGER_SYSVIEW_RecordVoid
                0x0000000008003a50       0x3c ./Drivers/Third Party/SEGGER/SEGGER/SEGGER_SYSVIEW.o
                0x0000000008003a50                SEGGER_SYSVIEW_RecordVoid
 .text.SEGGER_SYSVIEW_RecordU32
                0x0000000008003a8c       0x78 ./Drivers/Third Party/SEGGER/SEGGER/SEGGER_SYSVIEW.o
                0x0000000008003a8c                SEGGER_SYSVIEW_RecordU32
 .text.SEGGER_SYSVIEW_RecordU32x2
                0x0000000008003b04       0xb4 ./Drivers/Third Party/SEGGER/SEGGER/SEGGER_SYSVIEW.o
                0x0000000008003b04                SEGGER_SYSVIEW_RecordU32x2
 .text.SEGGER_SYSVIEW_Start
                0x0000000008003bb8      0x174 ./Drivers/Third Party/SEGGER/SEGGER/SEGGER_SYSVIEW.o
                0x0000000008003bb8                SEGGER_SYSVIEW_Start
 .text.SEGGER_SYSVIEW_Stop
                0x0000000008003d2c       0x4c ./Drivers/Third Party/SEGGER/SEGGER/SEGGER_SYSVIEW.o
                0x0000000008003d2c                SEGGER_SYSVIEW_Stop
 .text.SEGGER_SYSVIEW_GetSysDesc
                0x0000000008003d78      0x134 ./Drivers/Third Party/SEGGER/SEGGER/SEGGER_SYSVIEW.o
                0x0000000008003d78                SEGGER_SYSVIEW_GetSysDesc
 .text.SEGGER_SYSVIEW_SendTaskInfo
                0x0000000008003eac      0x1c8 ./Drivers/Third Party/SEGGER/SEGGER/SEGGER_SYSVIEW.o
                0x0000000008003eac                SEGGER_SYSVIEW_SendTaskInfo
 .text.SEGGER_SYSVIEW_SendTaskList
                0x0000000008004074       0x28 ./Drivers/Third Party/SEGGER/SEGGER/SEGGER_SYSVIEW.o
                0x0000000008004074                SEGGER_SYSVIEW_SendTaskList
 .text.SEGGER_SYSVIEW_SendSysDesc
                0x000000000800409c       0x48 ./Drivers/Third Party/SEGGER/SEGGER/SEGGER_SYSVIEW.o
                0x000000000800409c                SEGGER_SYSVIEW_SendSysDesc
 .text.SEGGER_SYSVIEW_RecordSystime
                0x00000000080040e4       0x64 ./Drivers/Third Party/SEGGER/SEGGER/SEGGER_SYSVIEW.o
                0x00000000080040e4                SEGGER_SYSVIEW_RecordSystime
 .text.SEGGER_SYSVIEW_OnIdle
                0x0000000008004148       0x38 ./Drivers/Third Party/SEGGER/SEGGER/SEGGER_SYSVIEW.o
                0x0000000008004148                SEGGER_SYSVIEW_OnIdle
 .text.SEGGER_SYSVIEW_OnTaskCreate
                0x0000000008004180       0x84 ./Drivers/Third Party/SEGGER/SEGGER/SEGGER_SYSVIEW.o
                0x0000000008004180                SEGGER_SYSVIEW_OnTaskCreate
 .text.SEGGER_SYSVIEW_OnTaskStartExec
                0x0000000008004204       0x84 ./Drivers/Third Party/SEGGER/SEGGER/SEGGER_SYSVIEW.o
                0x0000000008004204                SEGGER_SYSVIEW_OnTaskStartExec
 .text.SEGGER_SYSVIEW_OnTaskStartReady
                0x0000000008004288       0x84 ./Drivers/Third Party/SEGGER/SEGGER/SEGGER_SYSVIEW.o
                0x0000000008004288                SEGGER_SYSVIEW_OnTaskStartReady
 .text.SEGGER_SYSVIEW_SendModule
                0x000000000800430c      0x100 ./Drivers/Third Party/SEGGER/SEGGER/SEGGER_SYSVIEW.o
                0x000000000800430c                SEGGER_SYSVIEW_SendModule
 .text.SEGGER_SYSVIEW_SendModuleDescription
                0x000000000800440c       0x3c ./Drivers/Third Party/SEGGER/SEGGER/SEGGER_SYSVIEW.o
                0x000000000800440c                SEGGER_SYSVIEW_SendModuleDescription
 .text.SEGGER_SYSVIEW_SendNumModules
                0x0000000008004448       0x7c ./Drivers/Third Party/SEGGER/SEGGER/SEGGER_SYSVIEW.o
                0x0000000008004448                SEGGER_SYSVIEW_SendNumModules
 .text.SEGGER_SYSVIEW_PrintfTarget
                0x00000000080044c4       0x28 ./Drivers/Third Party/SEGGER/SEGGER/SEGGER_SYSVIEW.o
                0x00000000080044c4                SEGGER_SYSVIEW_PrintfTarget
 .text.SEGGER_SYSVIEW_Warn
                0x00000000080044ec       0xb8 ./Drivers/Third Party/SEGGER/SEGGER/SEGGER_SYSVIEW.o
                0x00000000080044ec                SEGGER_SYSVIEW_Warn
 .text.snprintf
                0x00000000080045a4       0x68 C:/ST/STM32CubeIDE_1.13.0/STM32CubeIDE/plugins/com.st.stm32cube.ide.mcu.externaltools.gnu-tools-for-stm32.11.3.rel1.win32_1.1.0.202305231506/tools/bin/../lib/gcc/arm-none-eabi/11.3.1/../../../../arm-none-eabi/lib/thumb/v7-m/nofp\libc_nano.a(libc_a-snprintf.o)
                0x00000000080045a4                sniprintf
                0x00000000080045a4                snprintf
 .text.memcmp   0x000000000800460c       0x20 C:/ST/STM32CubeIDE_1.13.0/STM32CubeIDE/plugins/com.st.stm32cube.ide.mcu.externaltools.gnu-tools-for-stm32.11.3.rel1.win32_1.1.0.202305231506/tools/bin/../lib/gcc/arm-none-eabi/11.3.1/../../../../arm-none-eabi/lib/thumb/v7-m/nofp\libc_nano.a(libc_a-memcmp.o)
                0x000000000800460c                memcmp
 .text.memset   0x000000000800462c       0x10 C:/ST/STM32CubeIDE_1.13.0/STM32CubeIDE/plugins/com.st.stm32cube.ide.mcu.externaltools.gnu-tools-for-stm32.11.3.rel1.win32_1.1.0.202305231506/tools/bin/../lib/gcc/arm-none-eabi/11.3.1/../../../../arm-none-eabi/lib/thumb/v7-m/nofp\libc_nano.a(libc_a-memset.o)
                0x000000000800462c                memset
 .text.__libc_init_array
                0x000000000800463c       0x48 C:/ST/STM32CubeIDE_1.13.0/STM32CubeIDE/plugins/com.st.stm32cube.ide.mcu.externaltools.gnu-tools-for-stm32.11.3.rel1.win32_1.1.0.202305231506/tools/bin/../lib/gcc/arm-none-eabi/11.3.1/../../../../arm-none-eabi/lib/thumb/v7-m/nofp\libc_nano.a(libc_a-init.o)
                0x000000000800463c                __libc_init_array
 .text.__retarget_lock_acquire_recursive
                0x0000000008004684        0x2 C:/ST/STM32CubeIDE_1.13.0/STM32CubeIDE/plugins/com.st.stm32cube.ide.mcu.externaltools.gnu-tools-for-stm32.11.3.rel1.win32_1.1.0.202305231506/tools/bin/../lib/gcc/arm-none-eabi/11.3.1/../../../../arm-none-eabi/lib/thumb/v7-m/nofp\libc_nano.a(libc_a-lock.o)
                0x0000000008004684                __retarget_lock_acquire_recursive
 .text.__retarget_lock_release_recursive
                0x0000000008004686        0x2 C:/ST/STM32CubeIDE_1.13.0/STM32CubeIDE/plugins/com.st.stm32cube.ide.mcu.externaltools.gnu-tools-for-stm32.11.3.rel1.win32_1.1.0.202305231506/tools/bin/../lib/gcc/arm-none-eabi/11.3.1/../../../../arm-none-eabi/lib/thumb/v7-m/nofp\libc_nano.a(libc_a-lock.o)
                0x0000000008004686                __retarget_lock_release_recursive
 .text.memcpy   0x0000000008004688       0x1c C:/ST/STM32CubeIDE_1.13.0/STM32CubeIDE/plugins/com.st.stm32cube.ide.mcu.externaltools.gnu-tools-for-stm32.11.3.rel1.win32_1.1.0.202305231506/tools/bin/../lib/gcc/arm-none-eabi/11.3.1/../../../../arm-none-eabi/lib/thumb/v7-m/nofp\libc_nano.a(libc_a-memcpy-stub.o)
                0x0000000008004688                memcpy
 .text._free_r  0x00000000080046a4       0x90 C:/ST/STM32CubeIDE_1.13.0/STM32CubeIDE/plugins/com.st.stm32cube.ide.mcu.externaltools.gnu-tools-for-stm32.11.3.rel1.win32_1.1.0.202305231506/tools/bin/../lib/gcc/arm-none-eabi/11.3.1/../../../../arm-none-eabi/lib/thumb/v7-m/nofp\libc_nano.a(libc_a-freer.o)
                0x00000000080046a4                _free_r
 .text.sbrk_aligned
                0x0000000008004734       0x40 C:/ST/STM32CubeIDE_1.13.0/STM32CubeIDE/plugins/com.st.stm32cube.ide.mcu.externaltools.gnu-tools-for-stm32.11.3.rel1.win32_1.1.0.202305231506/tools/bin/../lib/gcc/arm-none-eabi/11.3.1/../../../../arm-none-eabi/lib/thumb/v7-m/nofp\libc_nano.a(libc_a-mallocr.o)
 .text._malloc_r
                0x0000000008004774      0x100 C:/ST/STM32CubeIDE_1.13.0/STM32CubeIDE/plugins/com.st.stm32cube.ide.mcu.externaltools.gnu-tools-for-stm32.11.3.rel1.win32_1.1.0.202305231506/tools/bin/../lib/gcc/arm-none-eabi/11.3.1/../../../../arm-none-eabi/lib/thumb/v7-m/nofp\libc_nano.a(libc_a-mallocr.o)
                0x0000000008004774                _malloc_r
 .text.__malloc_lock
                0x0000000008004874        0xc C:/ST/STM32CubeIDE_1.13.0/STM32CubeIDE/plugins/com.st.stm32cube.ide.mcu.externaltools.gnu-tools-for-stm32.11.3.rel1.win32_1.1.0.202305231506/tools/bin/../lib/gcc/arm-none-eabi/11.3.1/../../../../arm-none-eabi/lib/thumb/v7-m/nofp\libc_nano.a(libc_a-mlock.o)
                0x0000000008004874                __malloc_lock
 .text.__malloc_unlock
                0x0000000008004880        0xc C:/ST/STM32CubeIDE_1.13.0/STM32CubeIDE/plugins/com.st.stm32cube.ide.mcu.externaltools.gnu-tools-for-stm32.11.3.rel1.win32_1.1.0.202305231506/tools/bin/../lib/gcc/arm-none-eabi/11.3.1/../../../../arm-none-eabi/lib/thumb/v7-m/nofp\libc_nano.a(libc_a-mlock.o)
                0x0000000008004880                __malloc_unlock
 .text.__ssputs_r
                0x000000000800488c       0xb4 C:/ST/STM32CubeIDE_1.13.0/STM32CubeIDE/plugins/com.st.stm32cube.ide.mcu.externaltools.gnu-tools-for-stm32.11.3.rel1.win32_1.1.0.202305231506/tools/bin/../lib/gcc/arm-none-eabi/11.3.1/../../../../arm-none-eabi/lib/thumb/v7-m/nofp\libc_nano.a(libc_a-nano-svfprintf.o)
                0x000000000800488c                __ssputs_r
 .text._svfprintf_r
                0x0000000008004940      0x1fc C:/ST/STM32CubeIDE_1.13.0/STM32CubeIDE/plugins/com.st.stm32cube.ide.mcu.externaltools.gnu-tools-for-stm32.11.3.rel1.win32_1.1.0.202305231506/tools/bin/../lib/gcc/arm-none-eabi/11.3.1/../../../../arm-none-eabi/lib/thumb/v7-m/nofp\libc_nano.a(libc_a-nano-svfprintf.o)
                0x0000000008004940                _svfiprintf_r
                0x0000000008004940                _svfprintf_r
 .text._printf_common
                0x0000000008004b3c       0xe4 C:/ST/STM32CubeIDE_1.13.0/STM32CubeIDE/plugins/com.st.stm32cube.ide.mcu.externaltools.gnu-tools-for-stm32.11.3.rel1.win32_1.1.0.202305231506/tools/bin/../lib/gcc/arm-none-eabi/11.3.1/../../../../arm-none-eabi/lib/thumb/v7-m/nofp\libc_nano.a(libc_a-nano-vfprintf_i.o)
                0x0000000008004b3c                _printf_common
 .text._printf_i
                0x0000000008004c20      0x244 C:/ST/STM32CubeIDE_1.13.0/STM32CubeIDE/plugins/com.st.stm32cube.ide.mcu.externaltools.gnu-tools-for-stm32.11.3.rel1.win32_1.1.0.202305231506/tools/bin/../lib/gcc/arm-none-eabi/11.3.1/../../../../arm-none-eabi/lib/thumb/v7-m/nofp\libc_nano.a(libc_a-nano-vfprintf_i.o)
                0x0000000008004c20                _printf_i
 .text.memmove  0x0000000008004e64       0x34 C:/ST/STM32CubeIDE_1.13.0/STM32CubeIDE/plugins/com.st.stm32cube.ide.mcu.externaltools.gnu-tools-for-stm32.11.3.rel1.win32_1.1.0.202305231506/tools/bin/../lib/gcc/arm-none-eabi/11.3.1/../../../../arm-none-eabi/lib/thumb/v7-m/nofp\libc_nano.a(libc_a-memmove.o)
                0x0000000008004e64                memmove
 .text._sbrk_r  0x0000000008004e98       0x20 C:/ST/STM32CubeIDE_1.13.0/STM32CubeIDE/plugins/com.st.stm32cube.ide.mcu.externaltools.gnu-tools-for-stm32.11.3.rel1.win32_1.1.0.202305231506/tools/bin/../lib/gcc/arm-none-eabi/11.3.1/../../../../arm-none-eabi/lib/thumb/v7-m/nofp\libc_nano.a(libc_a-sbrkr.o)
                0x0000000008004e98                _sbrk_r
 .text.memchr   0x0000000008004eb8       0x1c C:/ST/STM32CubeIDE_1.13.0/STM32CubeIDE/plugins/com.st.stm32cube.ide.mcu.externaltools.gnu-tools-for-stm32.11.3.rel1.win32_1.1.0.202305231506/tools/bin/../lib/gcc/arm-none-eabi/11.3.1/../../../../arm-none-eabi/lib/thumb/v7-m/nofp\libc_nano.a(libc_a-memchr-stub.o)
                0x0000000008004eb8                memchr
 .text._realloc_r
                0x0000000008004ed4       0x5e C:/ST/STM32CubeIDE_1.13.0/STM32CubeIDE/plugins/com.st.stm32cube.ide.mcu.externaltools.gnu-tools-for-stm32.11.3.rel1.win32_1.1.0.202305231506/tools/bin/../lib/gcc/arm-none-eabi/11.3.1/../../../../arm-none-eabi/lib/thumb/v7-m/nofp\libc_nano.a(libc_a-reallocr.o)
                0x0000000008004ed4                _realloc_r
 .text._malloc_usable_size_r
                0x0000000008004f32       0x10 C:/ST/STM32CubeIDE_1.13.0/STM32CubeIDE/plugins/com.st.stm32cube.ide.mcu.externaltools.gnu-tools-for-stm32.11.3.rel1.win32_1.1.0.202305231506/tools/bin/../lib/gcc/arm-none-eabi/11.3.1/../../../../arm-none-eabi/lib/thumb/v7-m/nofp\libc_nano.a(libc_a-msizer.o)
                0x0000000008004f32                _malloc_usable_size_r
 *fill*         0x0000000008004f42        0x2 
 .text._sbrk    0x0000000008004f44       0x1c C:/ST/STM32CubeIDE_1.13.0/STM32CubeIDE/plugins/com.st.stm32cube.ide.mcu.externaltools.gnu-tools-for-stm32.11.3.rel1.win32_1.1.0.202305231506/tools/bin/../lib/gcc/arm-none-eabi/11.3.1/../../../../arm-none-eabi/lib/thumb/v7-m/nofp\libnosys.a(sbrk.o)
                0x0000000008004f44                _sbrk
 *(.glue_7)
 .glue_7        0x0000000008004f60        0x0 linker stubs
 *(.glue_7t)
 .glue_7t       0x0000000008004f60        0x0 linker stubs
 *(.eh_frame)
 .eh_frame      0x0000000008004f60        0x0 C:/ST/STM32CubeIDE_1.13.0/STM32CubeIDE/plugins/com.st.stm32cube.ide.mcu.externaltools.gnu-tools-for-stm32.11.3.rel1.win32_1.1.0.202305231506/tools/bin/../lib/gcc/arm-none-eabi/11.3.1/thumb/v7-m/nofp/crtbegin.o
 *(.init)
 .init          0x0000000008004f60        0x4 C:/ST/STM32CubeIDE_1.13.0/STM32CubeIDE/plugins/com.st.stm32cube.ide.mcu.externaltools.gnu-tools-for-stm32.11.3.rel1.win32_1.1.0.202305231506/tools/bin/../lib/gcc/arm-none-eabi/11.3.1/thumb/v7-m/nofp/crti.o
                0x0000000008004f60                _init
 .init          0x0000000008004f64        0x8 C:/ST/STM32CubeIDE_1.13.0/STM32CubeIDE/plugins/com.st.stm32cube.ide.mcu.externaltools.gnu-tools-for-stm32.11.3.rel1.win32_1.1.0.202305231506/tools/bin/../lib/gcc/arm-none-eabi/11.3.1/thumb/v7-m/nofp/crtn.o
 *(.fini)
 .fini          0x0000000008004f6c        0x4 C:/ST/STM32CubeIDE_1.13.0/STM32CubeIDE/plugins/com.st.stm32cube.ide.mcu.externaltools.gnu-tools-for-stm32.11.3.rel1.win32_1.1.0.202305231506/tools/bin/../lib/gcc/arm-none-eabi/11.3.1/thumb/v7-m/nofp/crti.o
                0x0000000008004f6c                _fini
 .fini          0x0000000008004f70        0x8 C:/ST/STM32CubeIDE_1.13.0/STM32CubeIDE/plugins/com.st.stm32cube.ide.mcu.externaltools.gnu-tools-for-stm32.11.3.rel1.win32_1.1.0.202305231506/tools/bin/../lib/gcc/arm-none-eabi/11.3.1/thumb/v7-m/nofp/crtn.o
                0x0000000008004f78                . = ALIGN (0x4)
                0x0000000008004f78                _etext = .

.vfp11_veneer   0x0000000008004f78        0x0
 .vfp11_veneer  0x0000000008004f78        0x0 linker stubs

.v4_bx          0x0000000008004f78        0x0
 .v4_bx         0x0000000008004f78        0x0 linker stubs

.iplt           0x0000000008004f78        0x0
 .iplt          0x0000000008004f78        0x0 C:/ST/STM32CubeIDE_1.13.0/STM32CubeIDE/plugins/com.st.stm32cube.ide.mcu.externaltools.gnu-tools-for-stm32.11.3.rel1.win32_1.1.0.202305231506/tools/bin/../lib/gcc/arm-none-eabi/11.3.1/thumb/v7-m/nofp/crtbegin.o

.rodata         0x0000000008004f78      0x184
                0x0000000008004f78                . = ALIGN (0x4)
 *(.rodata)
 .rodata        0x0000000008004f78       0x3c ./Core/Src/main.o
 .rodata        0x0000000008004fb4        0x5 ./Drivers/Third Party/FreeRTOS/tasks.o
 *fill*         0x0000000008004fb9        0x3 
 .rodata        0x0000000008004fbc       0x41 ./Drivers/Third Party/SEGGER/Config/SEGGER_SYSVIEW_Config_FreeRTOS.o
 *fill*         0x0000000008004ffd        0x3 
 .rodata        0x0000000008005000       0x58 ./Drivers/Third Party/SEGGER/OS/SEGGER_SYSVIEW_FreeRTOS.o
 .rodata        0x0000000008005058       0x17 ./Drivers/Third Party/SEGGER/SEGGER/SEGGER_RTT.o
 *fill*         0x000000000800506f        0x1 
 .rodata        0x0000000008005070        0x8 ./Drivers/Third Party/SEGGER/SEGGER/SEGGER_SYSVIEW.o
 *(.rodata*)
 .rodata.AHBPrescTable
                0x0000000008005078       0x10 ./Core/Src/system_stm32f1xx.o
                0x0000000008005078                AHBPrescTable
 .rodata.APBPrescTable
                0x0000000008005088        0x8 ./Core/Src/system_stm32f1xx.o
                0x0000000008005088                APBPrescTable
 .rodata.aPLLMULFactorTable.1
                0x0000000008005090       0x10 ./Drivers/STM32F1xx_HAL_Driver/Src/stm32f1xx_hal_rcc.o
 .rodata.aPredivFactorTable.0
                0x00000000080050a0        0x2 ./Drivers/STM32F1xx_HAL_Driver/Src/stm32f1xx_hal_rcc.o
 *fill*         0x00000000080050a2        0x2 
 .rodata.SYSVIEW_X_OS_TraceAPI
                0x00000000080050a4        0x8 ./Drivers/Third Party/SEGGER/OS/SEGGER_SYSVIEW_FreeRTOS.o
                0x00000000080050a4                SYSVIEW_X_OS_TraceAPI
 .rodata._abSync
                0x00000000080050ac        0xa ./Drivers/Third Party/SEGGER/SEGGER/SEGGER_SYSVIEW.o
 *fill*         0x00000000080050b6        0x2 
 .rodata._aV2C.0
                0x00000000080050b8       0x10 ./Drivers/Third Party/SEGGER/SEGGER/SEGGER_SYSVIEW.o
 .rodata._svfprintf_r.str1.1
                0x00000000080050c8       0x11 C:/ST/STM32CubeIDE_1.13.0/STM32CubeIDE/plugins/com.st.stm32cube.ide.mcu.externaltools.gnu-tools-for-stm32.11.3.rel1.win32_1.1.0.202305231506/tools/bin/../lib/gcc/arm-none-eabi/11.3.1/../../../../arm-none-eabi/lib/thumb/v7-m/nofp\libc_nano.a(libc_a-nano-svfprintf.o)
 .rodata._printf_i.str1.1
                0x00000000080050d9       0x22 C:/ST/STM32CubeIDE_1.13.0/STM32CubeIDE/plugins/com.st.stm32cube.ide.mcu.externaltools.gnu-tools-for-stm32.11.3.rel1.win32_1.1.0.202305231506/tools/bin/../lib/gcc/arm-none-eabi/11.3.1/../../../../arm-none-eabi/lib/thumb/v7-m/nofp\libc_nano.a(libc_a-nano-vfprintf_i.o)
                0x00000000080050fc                . = ALIGN (0x4)
 *fill*         0x00000000080050fb        0x1 

.rel.dyn        0x00000000080050fc        0x0
 .rel.iplt      0x00000000080050fc        0x0 C:/ST/STM32CubeIDE_1.13.0/STM32CubeIDE/plugins/com.st.stm32cube.ide.mcu.externaltools.gnu-tools-for-stm32.11.3.rel1.win32_1.1.0.202305231506/tools/bin/../lib/gcc/arm-none-eabi/11.3.1/thumb/v7-m/nofp/crtbegin.o

.ARM.extab      0x00000000080050fc        0x0
                0x00000000080050fc                . = ALIGN (0x4)
 *(.ARM.extab* .gnu.linkonce.armextab.*)
                0x00000000080050fc                . = ALIGN (0x4)

.ARM            0x00000000080050fc        0x0
                0x00000000080050fc                . = ALIGN (0x4)
                0x00000000080050fc                __exidx_start = .
 *(.ARM.exidx*)
                0x00000000080050fc                __exidx_end = .
                0x00000000080050fc                . = ALIGN (0x4)

.preinit_array  0x00000000080050fc        0x0
                0x00000000080050fc                . = ALIGN (0x4)
                0x00000000080050fc                PROVIDE (__preinit_array_start = .)
 *(.preinit_array*)
                0x00000000080050fc                PROVIDE (__preinit_array_end = .)
                0x00000000080050fc                . = ALIGN (0x4)

.init_array     0x00000000080050fc        0x4
                0x00000000080050fc                . = ALIGN (0x4)
                0x00000000080050fc                PROVIDE (__init_array_start = .)
 *(SORT_BY_NAME(.init_array.*))
 *(.init_array*)
 .init_array    0x00000000080050fc        0x4 C:/ST/STM32CubeIDE_1.13.0/STM32CubeIDE/plugins/com.st.stm32cube.ide.mcu.externaltools.gnu-tools-for-stm32.11.3.rel1.win32_1.1.0.202305231506/tools/bin/../lib/gcc/arm-none-eabi/11.3.1/thumb/v7-m/nofp/crtbegin.o
                0x0000000008005100                PROVIDE (__init_array_end = .)
                0x0000000008005100                . = ALIGN (0x4)

.fini_array     0x0000000008005100        0x4
                0x0000000008005100                . = ALIGN (0x4)
                [!provide]                        PROVIDE (__fini_array_start = .)
 *(SORT_BY_NAME(.fini_array.*))
 *(.fini_array*)
 .fini_array    0x0000000008005100        0x4 C:/ST/STM32CubeIDE_1.13.0/STM32CubeIDE/plugins/com.st.stm32cube.ide.mcu.externaltools.gnu-tools-for-stm32.11.3.rel1.win32_1.1.0.202305231506/tools/bin/../lib/gcc/arm-none-eabi/11.3.1/thumb/v7-m/nofp/crtbegin.o
                [!provide]                        PROVIDE (__fini_array_end = .)
                0x0000000008005104                . = ALIGN (0x4)
                0x0000000008005104                _sidata = LOADADDR (.data)

.data           0x0000000020000000       0x64 load address 0x0000000008005104
                0x0000000020000000                . = ALIGN (0x4)
                0x0000000020000000                _sdata = .
 *(.data)
 *(.data*)
 .data.SystemCoreClock
                0x0000000020000000        0x4 ./Core/Src/system_stm32f1xx.o
                0x0000000020000000                SystemCoreClock
 .data.uwTickPrio
                0x0000000020000004        0x4 ./Drivers/STM32F1xx_HAL_Driver/Src/stm32f1xx_hal.o
                0x0000000020000004                uwTickPrio
 .data.uwTickFreq
                0x0000000020000008        0x1 ./Drivers/STM32F1xx_HAL_Driver/Src/stm32f1xx_hal.o
                0x0000000020000008                uwTickFreq
 *fill*         0x0000000020000009        0x3 
 .data.uxTopUsedPriority
                0x000000002000000c        0x4 ./Drivers/Third Party/FreeRTOS/tasks.o
                0x000000002000000c                uxTopUsedPriority
 .data.uxCriticalNesting
                0x0000000020000010        0x4 ./Drivers/Third Party/FreeRTOS/portable/GCC/ARM_CM3/port.o
 .data._impure_data
                0x0000000020000014       0x4c C:/ST/STM32CubeIDE_1.13.0/STM32CubeIDE/plugins/com.st.stm32cube.ide.mcu.externaltools.gnu-tools-for-stm32.11.3.rel1.win32_1.1.0.202305231506/tools/bin/../lib/gcc/arm-none-eabi/11.3.1/../../../../arm-none-eabi/lib/thumb/v7-m/nofp\libc_nano.a(libc_a-impure.o)
                0x0000000020000014                _impure_data
 .data._impure_ptr
                0x0000000020000060        0x4 C:/ST/STM32CubeIDE_1.13.0/STM32CubeIDE/plugins/com.st.stm32cube.ide.mcu.externaltools.gnu-tools-for-stm32.11.3.rel1.win32_1.1.0.202305231506/tools/bin/../lib/gcc/arm-none-eabi/11.3.1/../../../../arm-none-eabi/lib/thumb/v7-m/nofp\libc_nano.a(libc_a-impure.o)
                0x0000000020000060                _impure_ptr
 *(.RamFunc)
 *(.RamFunc*)
                0x0000000020000064                . = ALIGN (0x4)
                0x0000000020000064                _edata = .

.igot.plt       0x0000000020000064        0x0 load address 0x0000000008005168
 .igot.plt      0x0000000020000064        0x0 C:/ST/STM32CubeIDE_1.13.0/STM32CubeIDE/plugins/com.st.stm32cube.ide.mcu.externaltools.gnu-tools-for-stm32.11.3.rel1.win32_1.1.0.202305231506/tools/bin/../lib/gcc/arm-none-eabi/11.3.1/thumb/v7-m/nofp/crtbegin.o
                0x0000000020000064                . = ALIGN (0x4)

.bss            0x0000000020000064     0x4954 load address 0x0000000008005168
                0x0000000020000064                _sbss = .
                0x0000000020000064                __bss_start__ = _sbss
 *(.bss)
 .bss           0x0000000020000064       0x1c C:/ST/STM32CubeIDE_1.13.0/STM32CubeIDE/plugins/com.st.stm32cube.ide.mcu.externaltools.gnu-tools-for-stm32.11.3.rel1.win32_1.1.0.202305231506/tools/bin/../lib/gcc/arm-none-eabi/11.3.1/thumb/v7-m/nofp/crtbegin.o
 *(.bss*)
 .bss.Task_1_handle
                0x0000000020000080        0x4 ./Core/Src/main.o
                0x0000000020000080                Task_1_handle
 .bss.counter   0x0000000020000084        0x2 ./Core/Src/main.o
                0x0000000020000084                counter
 .bss.counter_2
                0x0000000020000086        0x2 ./Core/Src/main.o
                0x0000000020000086                counter_2
 .bss.htim4     0x0000000020000088       0x48 ./Core/Src/stm32f1xx_hal_timebase_tim.o
                0x0000000020000088                htim4
 .bss.uwTick    0x00000000200000d0        0x4 ./Drivers/STM32F1xx_HAL_Driver/Src/stm32f1xx_hal.o
                0x00000000200000d0                uwTick
 .bss.pxCurrentTCB
                0x00000000200000d4        0x4 ./Drivers/Third Party/FreeRTOS/tasks.o
                0x00000000200000d4                pxCurrentTCB
 .bss.pxReadyTasksLists
                0x00000000200000d8       0x64 ./Drivers/Third Party/FreeRTOS/tasks.o
 .bss.xDelayedTaskList1
                0x000000002000013c       0x14 ./Drivers/Third Party/FreeRTOS/tasks.o
 .bss.xDelayedTaskList2
                0x0000000020000150       0x14 ./Drivers/Third Party/FreeRTOS/tasks.o
 .bss.pxDelayedTaskList
                0x0000000020000164        0x4 ./Drivers/Third Party/FreeRTOS/tasks.o
 .bss.pxOverflowDelayedTaskList
                0x0000000020000168        0x4 ./Drivers/Third Party/FreeRTOS/tasks.o
 .bss.xPendingReadyList
                0x000000002000016c       0x14 ./Drivers/Third Party/FreeRTOS/tasks.o
 .bss.xTasksWaitingTermination
                0x0000000020000180       0x14 ./Drivers/Third Party/FreeRTOS/tasks.o
 .bss.uxDeletedTasksWaitingCleanUp
                0x0000000020000194        0x4 ./Drivers/Third Party/FreeRTOS/tasks.o
 .bss.xSuspendedTaskList
                0x0000000020000198       0x14 ./Drivers/Third Party/FreeRTOS/tasks.o
 .bss.uxCurrentNumberOfTasks
                0x00000000200001ac        0x4 ./Drivers/Third Party/FreeRTOS/tasks.o
 .bss.xTickCount
                0x00000000200001b0        0x4 ./Drivers/Third Party/FreeRTOS/tasks.o
 .bss.uxTopReadyPriority
                0x00000000200001b4        0x4 ./Drivers/Third Party/FreeRTOS/tasks.o
 .bss.xSchedulerRunning
                0x00000000200001b8        0x4 ./Drivers/Third Party/FreeRTOS/tasks.o
 .bss.xPendedTicks
                0x00000000200001bc        0x4 ./Drivers/Third Party/FreeRTOS/tasks.o
 .bss.xYieldPending
                0x00000000200001c0        0x4 ./Drivers/Third Party/FreeRTOS/tasks.o
 .bss.xNumOfOverflows
                0x00000000200001c4        0x4 ./Drivers/Third Party/FreeRTOS/tasks.o
 .bss.uxTaskNumber
                0x00000000200001c8        0x4 ./Drivers/Third Party/FreeRTOS/tasks.o
 .bss.xNextTaskUnblockTime
                0x00000000200001cc        0x4 ./Drivers/Third Party/FreeRTOS/tasks.o
 .bss.xIdleTaskHandle
                0x00000000200001d0        0x4 ./Drivers/Third Party/FreeRTOS/tasks.o
 .bss.uxSchedulerSuspended
                0x00000000200001d4        0x4 ./Drivers/Third Party/FreeRTOS/tasks.o
 .bss.ucHeap    0x00000000200001d8     0x3c00 ./Drivers/Third Party/FreeRTOS/portable/MemMang/heap_4.o
 .bss.xStart    0x0000000020003dd8        0x8 ./Drivers/Third Party/FreeRTOS/portable/MemMang/heap_4.o
 .bss.pxEnd     0x0000000020003de0        0x4 ./Drivers/Third Party/FreeRTOS/portable/MemMang/heap_4.o
 .bss.xFreeBytesRemaining
                0x0000000020003de4        0x4 ./Drivers/Third Party/FreeRTOS/portable/MemMang/heap_4.o
 .bss.xMinimumEverFreeBytesRemaining
                0x0000000020003de8        0x4 ./Drivers/Third Party/FreeRTOS/portable/MemMang/heap_4.o
 .bss.xNumberOfSuccessfulAllocations
                0x0000000020003dec        0x4 ./Drivers/Third Party/FreeRTOS/portable/MemMang/heap_4.o
 .bss.xNumberOfSuccessfulFrees
                0x0000000020003df0        0x4 ./Drivers/Third Party/FreeRTOS/portable/MemMang/heap_4.o
 .bss._aTasks   0x0000000020003df4       0xa0 ./Drivers/Third Party/SEGGER/OS/SEGGER_SYSVIEW_FreeRTOS.o
 .bss._NumTasks
                0x0000000020003e94        0x4 ./Drivers/Third Party/SEGGER/OS/SEGGER_SYSVIEW_FreeRTOS.o
 .bss._SEGGER_RTT
                0x0000000020003e98       0xa8 ./Drivers/Third Party/SEGGER/SEGGER/SEGGER_RTT.o
                0x0000000020003e98                _SEGGER_RTT
 .bss._acUpBuffer
                0x0000000020003f40      0x400 ./Drivers/Third Party/SEGGER/SEGGER/SEGGER_RTT.o
 .bss._acDownBuffer
                0x0000000020004340       0x10 ./Drivers/Third Party/SEGGER/SEGGER/SEGGER_RTT.o
 .bss._UpBuffer
                0x0000000020004350      0x400 ./Drivers/Third Party/SEGGER/SEGGER/SEGGER_SYSVIEW.o
 .bss._DownBuffer
                0x0000000020004750        0x8 ./Drivers/Third Party/SEGGER/SEGGER/SEGGER_SYSVIEW.o
 .bss._SYSVIEW_Globals
                0x0000000020004758       0x28 ./Drivers/Third Party/SEGGER/SEGGER/SEGGER_SYSVIEW.o
 .bss._pFirstModule
                0x0000000020004780        0x4 ./Drivers/Third Party/SEGGER/SEGGER/SEGGER_SYSVIEW.o
 .bss._NumModules
                0x0000000020004784        0x1 ./Drivers/Third Party/SEGGER/SEGGER/SEGGER_SYSVIEW.o
 *fill*         0x0000000020004785        0x3 
 .bss._aPacket  0x0000000020004788       0xe3 ./Drivers/Third Party/SEGGER/SEGGER/SEGGER_SYSVIEW.o
 *fill*         0x000000002000486b        0x1 
 .bss.__sf      0x000000002000486c      0x138 C:/ST/STM32CubeIDE_1.13.0/STM32CubeIDE/plugins/com.st.stm32cube.ide.mcu.externaltools.gnu-tools-for-stm32.11.3.rel1.win32_1.1.0.202305231506/tools/bin/../lib/gcc/arm-none-eabi/11.3.1/../../../../arm-none-eabi/lib/thumb/v7-m/nofp\libc_nano.a(libc_a-findfp.o)
                0x000000002000486c                __sf
 .bss.errno     0x00000000200049a4        0x4 C:/ST/STM32CubeIDE_1.13.0/STM32CubeIDE/plugins/com.st.stm32cube.ide.mcu.externaltools.gnu-tools-for-stm32.11.3.rel1.win32_1.1.0.202305231506/tools/bin/../lib/gcc/arm-none-eabi/11.3.1/../../../../arm-none-eabi/lib/thumb/v7-m/nofp\libc_nano.a(libc_a-reent.o)
                0x00000000200049a4                errno
 .bss.__lock___malloc_recursive_mutex
                0x00000000200049a8        0x1 C:/ST/STM32CubeIDE_1.13.0/STM32CubeIDE/plugins/com.st.stm32cube.ide.mcu.externaltools.gnu-tools-for-stm32.11.3.rel1.win32_1.1.0.202305231506/tools/bin/../lib/gcc/arm-none-eabi/11.3.1/../../../../arm-none-eabi/lib/thumb/v7-m/nofp\libc_nano.a(libc_a-lock.o)
                0x00000000200049a8                __lock___malloc_recursive_mutex
 *fill*         0x00000000200049a9        0x3 
 .bss.__malloc_free_list
                0x00000000200049ac        0x4 C:/ST/STM32CubeIDE_1.13.0/STM32CubeIDE/plugins/com.st.stm32cube.ide.mcu.externaltools.gnu-tools-for-stm32.11.3.rel1.win32_1.1.0.202305231506/tools/bin/../lib/gcc/arm-none-eabi/11.3.1/../../../../arm-none-eabi/lib/thumb/v7-m/nofp\libc_nano.a(libc_a-mallocr.o)
                0x00000000200049ac                __malloc_free_list
 .bss.__malloc_sbrk_start
                0x00000000200049b0        0x4 C:/ST/STM32CubeIDE_1.13.0/STM32CubeIDE/plugins/com.st.stm32cube.ide.mcu.externaltools.gnu-tools-for-stm32.11.3.rel1.win32_1.1.0.202305231506/tools/bin/../lib/gcc/arm-none-eabi/11.3.1/../../../../arm-none-eabi/lib/thumb/v7-m/nofp\libc_nano.a(libc_a-mallocr.o)
                0x00000000200049b0                __malloc_sbrk_start
 .bss.heap_end.0
                0x00000000200049b4        0x4 C:/ST/STM32CubeIDE_1.13.0/STM32CubeIDE/plugins/com.st.stm32cube.ide.mcu.externaltools.gnu-tools-for-stm32.11.3.rel1.win32_1.1.0.202305231506/tools/bin/../lib/gcc/arm-none-eabi/11.3.1/../../../../arm-none-eabi/lib/thumb/v7-m/nofp\libnosys.a(sbrk.o)
 *(COMMON)
                0x00000000200049b8                . = ALIGN (0x4)
                0x00000000200049b8                _ebss = .
                0x00000000200049b8                __bss_end__ = _ebss

._user_heap_stack
                0x00000000200049b8      0x600 load address 0x0000000008005168
                0x00000000200049b8                . = ALIGN (0x8)
                0x00000000200049b8                PROVIDE (end = .)
                [!provide]                        PROVIDE (_end = .)
                0x0000000020004bb8                . = (. + _Min_Heap_Size)
 *fill*         0x00000000200049b8      0x200 
                0x0000000020004fb8                . = (. + _Min_Stack_Size)
 *fill*         0x0000000020004bb8      0x400 
                0x0000000020004fb8                . = ALIGN (0x8)

/DISCARD/
 libc.a(*)
 libm.a(*)
 libgcc.a(*)

.ARM.attributes
                0x0000000000000000       0x29
 *(.ARM.attributes)
 .ARM.attributes
                0x0000000000000000       0x1d C:/ST/STM32CubeIDE_1.13.0/STM32CubeIDE/plugins/com.st.stm32cube.ide.mcu.externaltools.gnu-tools-for-stm32.11.3.rel1.win32_1.1.0.202305231506/tools/bin/../lib/gcc/arm-none-eabi/11.3.1/thumb/v7-m/nofp/crti.o
 .ARM.attributes
                0x000000000000001d       0x2d C:/ST/STM32CubeIDE_1.13.0/STM32CubeIDE/plugins/com.st.stm32cube.ide.mcu.externaltools.gnu-tools-for-stm32.11.3.rel1.win32_1.1.0.202305231506/tools/bin/../lib/gcc/arm-none-eabi/11.3.1/thumb/v7-m/nofp/crtbegin.o
 .ARM.attributes
                0x000000000000004a       0x2d ./Core/Src/main.o
 .ARM.attributes
                0x0000000000000077       0x2d ./Core/Src/stm32f1xx_hal_msp.o
 .ARM.attributes
                0x00000000000000a4       0x2d ./Core/Src/stm32f1xx_hal_timebase_tim.o
 .ARM.attributes
                0x00000000000000d1       0x2d ./Core/Src/stm32f1xx_it.o
 .ARM.attributes
                0x00000000000000fe       0x2d ./Core/Src/system_stm32f1xx.o
 .ARM.attributes
                0x000000000000012b       0x21 ./Core/Startup/startup_stm32f103c8tx.o
 .ARM.attributes
                0x000000000000014c       0x2d ./Drivers/STM32F1xx_HAL_Driver/Src/stm32f1xx_hal.o
 .ARM.attributes
                0x0000000000000179       0x2d ./Drivers/STM32F1xx_HAL_Driver/Src/stm32f1xx_hal_cortex.o
 .ARM.attributes
                0x00000000000001a6       0x2d ./Drivers/STM32F1xx_HAL_Driver/Src/stm32f1xx_hal_gpio.o
 .ARM.attributes
                0x00000000000001d3       0x2d ./Drivers/STM32F1xx_HAL_Driver/Src/stm32f1xx_hal_rcc.o
 .ARM.attributes
                0x0000000000000200       0x2d ./Drivers/STM32F1xx_HAL_Driver/Src/stm32f1xx_hal_tim.o
 .ARM.attributes
                0x000000000000022d       0x2d ./Drivers/STM32F1xx_HAL_Driver/Src/stm32f1xx_hal_tim_ex.o
 .ARM.attributes
                0x000000000000025a       0x2d ./Drivers/Third Party/FreeRTOS/list.o
 .ARM.attributes
                0x0000000000000287       0x2d ./Drivers/Third Party/FreeRTOS/tasks.o
 .ARM.attributes
                0x00000000000002b4       0x2d ./Drivers/Third Party/FreeRTOS/portable/GCC/ARM_CM3/port.o
 .ARM.attributes
                0x00000000000002e1       0x2d ./Drivers/Third Party/FreeRTOS/portable/MemMang/heap_4.o
 .ARM.attributes
                0x000000000000030e       0x2d ./Drivers/Third Party/SEGGER/Config/SEGGER_SYSVIEW_Config_FreeRTOS.o
 .ARM.attributes
                0x000000000000033b       0x2d ./Drivers/Third Party/SEGGER/OS/SEGGER_SYSVIEW_FreeRTOS.o
 .ARM.attributes
                0x0000000000000368       0x2d ./Drivers/Third Party/SEGGER/SEGGER/SEGGER_RTT.o
 .ARM.attributes
                0x0000000000000395       0x1b ./Drivers/Third Party/SEGGER/SEGGER/SEGGER_RTT_ASM_ARMv7M.o
 .ARM.attributes
                0x00000000000003b0       0x2d ./Drivers/Third Party/SEGGER/SEGGER/SEGGER_SYSVIEW.o
 .ARM.attributes
                0x00000000000003dd       0x2d C:/ST/STM32CubeIDE_1.13.0/STM32CubeIDE/plugins/com.st.stm32cube.ide.mcu.externaltools.gnu-tools-for-stm32.11.3.rel1.win32_1.1.0.202305231506/tools/bin/../lib/gcc/arm-none-eabi/11.3.1/../../../../arm-none-eabi/lib/thumb/v7-m/nofp\libc_nano.a(libc_a-findfp.o)
 .ARM.attributes
                0x000000000000040a       0x2d C:/ST/STM32CubeIDE_1.13.0/STM32CubeIDE/plugins/com.st.stm32cube.ide.mcu.externaltools.gnu-tools-for-stm32.11.3.rel1.win32_1.1.0.202305231506/tools/bin/../lib/gcc/arm-none-eabi/11.3.1/../../../../arm-none-eabi/lib/thumb/v7-m/nofp\libc_nano.a(libc_a-snprintf.o)
 .ARM.attributes
                0x0000000000000437       0x2d C:/ST/STM32CubeIDE_1.13.0/STM32CubeIDE/plugins/com.st.stm32cube.ide.mcu.externaltools.gnu-tools-for-stm32.11.3.rel1.win32_1.1.0.202305231506/tools/bin/../lib/gcc/arm-none-eabi/11.3.1/../../../../arm-none-eabi/lib/thumb/v7-m/nofp\libc_nano.a(libc_a-memcmp.o)
 .ARM.attributes
                0x0000000000000464       0x2d C:/ST/STM32CubeIDE_1.13.0/STM32CubeIDE/plugins/com.st.stm32cube.ide.mcu.externaltools.gnu-tools-for-stm32.11.3.rel1.win32_1.1.0.202305231506/tools/bin/../lib/gcc/arm-none-eabi/11.3.1/../../../../arm-none-eabi/lib/thumb/v7-m/nofp\libc_nano.a(libc_a-memset.o)
 .ARM.attributes
                0x0000000000000491       0x2d C:/ST/STM32CubeIDE_1.13.0/STM32CubeIDE/plugins/com.st.stm32cube.ide.mcu.externaltools.gnu-tools-for-stm32.11.3.rel1.win32_1.1.0.202305231506/tools/bin/../lib/gcc/arm-none-eabi/11.3.1/../../../../arm-none-eabi/lib/thumb/v7-m/nofp\libc_nano.a(libc_a-reent.o)
 .ARM.attributes
                0x00000000000004be       0x2d C:/ST/STM32CubeIDE_1.13.0/STM32CubeIDE/plugins/com.st.stm32cube.ide.mcu.externaltools.gnu-tools-for-stm32.11.3.rel1.win32_1.1.0.202305231506/tools/bin/../lib/gcc/arm-none-eabi/11.3.1/../../../../arm-none-eabi/lib/thumb/v7-m/nofp\libc_nano.a(libc_a-impure.o)
 .ARM.attributes
                0x00000000000004eb       0x2d C:/ST/STM32CubeIDE_1.13.0/STM32CubeIDE/plugins/com.st.stm32cube.ide.mcu.externaltools.gnu-tools-for-stm32.11.3.rel1.win32_1.1.0.202305231506/tools/bin/../lib/gcc/arm-none-eabi/11.3.1/../../../../arm-none-eabi/lib/thumb/v7-m/nofp\libc_nano.a(libc_a-init.o)
 .ARM.attributes
                0x0000000000000518       0x2d C:/ST/STM32CubeIDE_1.13.0/STM32CubeIDE/plugins/com.st.stm32cube.ide.mcu.externaltools.gnu-tools-for-stm32.11.3.rel1.win32_1.1.0.202305231506/tools/bin/../lib/gcc/arm-none-eabi/11.3.1/../../../../arm-none-eabi/lib/thumb/v7-m/nofp\libc_nano.a(libc_a-lock.o)
 .ARM.attributes
                0x0000000000000545       0x2d C:/ST/STM32CubeIDE_1.13.0/STM32CubeIDE/plugins/com.st.stm32cube.ide.mcu.externaltools.gnu-tools-for-stm32.11.3.rel1.win32_1.1.0.202305231506/tools/bin/../lib/gcc/arm-none-eabi/11.3.1/../../../../arm-none-eabi/lib/thumb/v7-m/nofp\libc_nano.a(libc_a-memcpy-stub.o)
 .ARM.attributes
                0x0000000000000572       0x2d C:/ST/STM32CubeIDE_1.13.0/STM32CubeIDE/plugins/com.st.stm32cube.ide.mcu.externaltools.gnu-tools-for-stm32.11.3.rel1.win32_1.1.0.202305231506/tools/bin/../lib/gcc/arm-none-eabi/11.3.1/../../../../arm-none-eabi/lib/thumb/v7-m/nofp\libc_nano.a(libc_a-freer.o)
 .ARM.attributes
                0x000000000000059f       0x2d C:/ST/STM32CubeIDE_1.13.0/STM32CubeIDE/plugins/com.st.stm32cube.ide.mcu.externaltools.gnu-tools-for-stm32.11.3.rel1.win32_1.1.0.202305231506/tools/bin/../lib/gcc/arm-none-eabi/11.3.1/../../../../arm-none-eabi/lib/thumb/v7-m/nofp\libc_nano.a(libc_a-mallocr.o)
 .ARM.attributes
                0x00000000000005cc       0x2d C:/ST/STM32CubeIDE_1.13.0/STM32CubeIDE/plugins/com.st.stm32cube.ide.mcu.externaltools.gnu-tools-for-stm32.11.3.rel1.win32_1.1.0.202305231506/tools/bin/../lib/gcc/arm-none-eabi/11.3.1/../../../../arm-none-eabi/lib/thumb/v7-m/nofp\libc_nano.a(libc_a-mlock.o)
 .ARM.attributes
                0x00000000000005f9       0x2d C:/ST/STM32CubeIDE_1.13.0/STM32CubeIDE/plugins/com.st.stm32cube.ide.mcu.externaltools.gnu-tools-for-stm32.11.3.rel1.win32_1.1.0.202305231506/tools/bin/../lib/gcc/arm-none-eabi/11.3.1/../../../../arm-none-eabi/lib/thumb/v7-m/nofp\libc_nano.a(libc_a-nano-svfprintf.o)
 .ARM.attributes
                0x0000000000000626       0x2d C:/ST/STM32CubeIDE_1.13.0/STM32CubeIDE/plugins/com.st.stm32cube.ide.mcu.externaltools.gnu-tools-for-stm32.11.3.rel1.win32_1.1.0.202305231506/tools/bin/../lib/gcc/arm-none-eabi/11.3.1/../../../../arm-none-eabi/lib/thumb/v7-m/nofp\libc_nano.a(libc_a-nano-vfprintf_i.o)
 .ARM.attributes
                0x0000000000000653       0x2d C:/ST/STM32CubeIDE_1.13.0/STM32CubeIDE/plugins/com.st.stm32cube.ide.mcu.externaltools.gnu-tools-for-stm32.11.3.rel1.win32_1.1.0.202305231506/tools/bin/../lib/gcc/arm-none-eabi/11.3.1/../../../../arm-none-eabi/lib/thumb/v7-m/nofp\libc_nano.a(libc_a-memmove.o)
 .ARM.attributes
                0x0000000000000680       0x2d C:/ST/STM32CubeIDE_1.13.0/STM32CubeIDE/plugins/com.st.stm32cube.ide.mcu.externaltools.gnu-tools-for-stm32.11.3.rel1.win32_1.1.0.202305231506/tools/bin/../lib/gcc/arm-none-eabi/11.3.1/../../../../arm-none-eabi/lib/thumb/v7-m/nofp\libc_nano.a(libc_a-sbrkr.o)
 .ARM.attributes
                0x00000000000006ad       0x2d C:/ST/STM32CubeIDE_1.13.0/STM32CubeIDE/plugins/com.st.stm32cube.ide.mcu.externaltools.gnu-tools-for-stm32.11.3.rel1.win32_1.1.0.202305231506/tools/bin/../lib/gcc/arm-none-eabi/11.3.1/../../../../arm-none-eabi/lib/thumb/v7-m/nofp\libc_nano.a(libc_a-memchr-stub.o)
 .ARM.attributes
                0x00000000000006da       0x2d C:/ST/STM32CubeIDE_1.13.0/STM32CubeIDE/plugins/com.st.stm32cube.ide.mcu.externaltools.gnu-tools-for-stm32.11.3.rel1.win32_1.1.0.202305231506/tools/bin/../lib/gcc/arm-none-eabi/11.3.1/../../../../arm-none-eabi/lib/thumb/v7-m/nofp\libc_nano.a(libc_a-reallocr.o)
 .ARM.attributes
                0x0000000000000707       0x2d C:/ST/STM32CubeIDE_1.13.0/STM32CubeIDE/plugins/com.st.stm32cube.ide.mcu.externaltools.gnu-tools-for-stm32.11.3.rel1.win32_1.1.0.202305231506/tools/bin/../lib/gcc/arm-none-eabi/11.3.1/../../../../arm-none-eabi/lib/thumb/v7-m/nofp\libc_nano.a(libc_a-msizer.o)
 .ARM.attributes
                0x0000000000000734       0x2d C:/ST/STM32CubeIDE_1.13.0/STM32CubeIDE/plugins/com.st.stm32cube.ide.mcu.externaltools.gnu-tools-for-stm32.11.3.rel1.win32_1.1.0.202305231506/tools/bin/../lib/gcc/arm-none-eabi/11.3.1/../../../../arm-none-eabi/lib/thumb/v7-m/nofp\libnosys.a(sbrk.o)
 .ARM.attributes
                0x0000000000000761       0x1d C:/ST/STM32CubeIDE_1.13.0/STM32CubeIDE/plugins/com.st.stm32cube.ide.mcu.externaltools.gnu-tools-for-stm32.11.3.rel1.win32_1.1.0.202305231506/tools/bin/../lib/gcc/arm-none-eabi/11.3.1/thumb/v7-m/nofp/crtn.o
OUTPUT(ARM-FreeRTOS.elf elf32-littlearm)
LOAD linker stubs
LOAD C:/ST/STM32CubeIDE_1.13.0/STM32CubeIDE/plugins/com.st.stm32cube.ide.mcu.externaltools.gnu-tools-for-stm32.11.3.rel1.win32_1.1.0.202305231506/tools/bin/../lib/gcc/arm-none-eabi/11.3.1/../../../../arm-none-eabi/lib/thumb/v7-m/nofp\libc.a
LOAD C:/ST/STM32CubeIDE_1.13.0/STM32CubeIDE/plugins/com.st.stm32cube.ide.mcu.externaltools.gnu-tools-for-stm32.11.3.rel1.win32_1.1.0.202305231506/tools/bin/../lib/gcc/arm-none-eabi/11.3.1/../../../../arm-none-eabi/lib/thumb/v7-m/nofp\libm.a
LOAD C:/ST/STM32CubeIDE_1.13.0/STM32CubeIDE/plugins/com.st.stm32cube.ide.mcu.externaltools.gnu-tools-for-stm32.11.3.rel1.win32_1.1.0.202305231506/tools/bin/../lib/gcc/arm-none-eabi/11.3.1/thumb/v7-m/nofp\libgcc.a

.comment        0x0000000000000000       0x43
 .comment       0x0000000000000000       0x43 C:/ST/STM32CubeIDE_1.13.0/STM32CubeIDE/plugins/com.st.stm32cube.ide.mcu.externaltools.gnu-tools-for-stm32.11.3.rel1.win32_1.1.0.202305231506/tools/bin/../lib/gcc/arm-none-eabi/11.3.1/thumb/v7-m/nofp/crtbegin.o
                                         0x44 (size before relaxing)
 .comment       0x0000000000000043       0x44 ./Core/Src/main.o
 .comment       0x0000000000000043       0x44 ./Core/Src/stm32f1xx_hal_msp.o
 .comment       0x0000000000000043       0x44 ./Core/Src/stm32f1xx_hal_timebase_tim.o
 .comment       0x0000000000000043       0x44 ./Core/Src/stm32f1xx_it.o
 .comment       0x0000000000000043       0x44 ./Core/Src/system_stm32f1xx.o
 .comment       0x0000000000000043       0x44 ./Drivers/STM32F1xx_HAL_Driver/Src/stm32f1xx_hal.o
 .comment       0x0000000000000043       0x44 ./Drivers/STM32F1xx_HAL_Driver/Src/stm32f1xx_hal_cortex.o
 .comment       0x0000000000000043       0x44 ./Drivers/STM32F1xx_HAL_Driver/Src/stm32f1xx_hal_gpio.o
 .comment       0x0000000000000043       0x44 ./Drivers/STM32F1xx_HAL_Driver/Src/stm32f1xx_hal_rcc.o
 .comment       0x0000000000000043       0x44 ./Drivers/STM32F1xx_HAL_Driver/Src/stm32f1xx_hal_tim.o
 .comment       0x0000000000000043       0x44 ./Drivers/STM32F1xx_HAL_Driver/Src/stm32f1xx_hal_tim_ex.o
 .comment       0x0000000000000043       0x44 ./Drivers/Third Party/FreeRTOS/list.o
 .comment       0x0000000000000043       0x44 ./Drivers/Third Party/FreeRTOS/tasks.o
 .comment       0x0000000000000043       0x44 ./Drivers/Third Party/FreeRTOS/portable/GCC/ARM_CM3/port.o
 .comment       0x0000000000000043       0x44 ./Drivers/Third Party/FreeRTOS/portable/MemMang/heap_4.o
 .comment       0x0000000000000043       0x44 ./Drivers/Third Party/SEGGER/Config/SEGGER_SYSVIEW_Config_FreeRTOS.o
 .comment       0x0000000000000043       0x44 ./Drivers/Third Party/SEGGER/OS/SEGGER_SYSVIEW_FreeRTOS.o
 .comment       0x0000000000000043       0x44 ./Drivers/Third Party/SEGGER/SEGGER/SEGGER_RTT.o
 .comment       0x0000000000000043       0x44 ./Drivers/Third Party/SEGGER/SEGGER/SEGGER_SYSVIEW.o

.debug_info     0x0000000000000000     0xf5f0
 .debug_info    0x0000000000000000      0xc17 ./Core/Src/main.o
 .debug_info    0x0000000000000c17      0x1f1 ./Core/Src/stm32f1xx_hal_msp.o
 .debug_info    0x0000000000000e08      0x9a8 ./Core/Src/stm32f1xx_hal_timebase_tim.o
 .debug_info    0x00000000000017b0      0x66a ./Core/Src/stm32f1xx_it.o
 .debug_info    0x0000000000001e1a      0x222 ./Core/Src/system_stm32f1xx.o
 .debug_info    0x000000000000203c       0x23 ./Core/Startup/startup_stm32f103c8tx.o
 .debug_info    0x000000000000205f      0x704 ./Drivers/STM32F1xx_HAL_Driver/Src/stm32f1xx_hal.o
 .debug_info    0x0000000000002763      0xa87 ./Drivers/STM32F1xx_HAL_Driver/Src/stm32f1xx_hal_cortex.o
 .debug_info    0x00000000000031ea      0x5ab ./Drivers/STM32F1xx_HAL_Driver/Src/stm32f1xx_hal_gpio.o
 .debug_info    0x0000000000003795      0x7d5 ./Drivers/STM32F1xx_HAL_Driver/Src/stm32f1xx_hal_rcc.o
 .debug_info    0x0000000000003f6a     0x293b ./Drivers/STM32F1xx_HAL_Driver/Src/stm32f1xx_hal_tim.o
 .debug_info    0x00000000000068a5     0x149b ./Drivers/STM32F1xx_HAL_Driver/Src/stm32f1xx_hal_tim_ex.o
 .debug_info    0x0000000000007d40      0x2af ./Drivers/Third Party/FreeRTOS/list.o
 .debug_info    0x0000000000007fef     0x200a ./Drivers/Third Party/FreeRTOS/tasks.o
 .debug_info    0x0000000000009ff9      0x2e7 ./Drivers/Third Party/FreeRTOS/portable/GCC/ARM_CM3/port.o
 .debug_info    0x000000000000a2e0      0x49a ./Drivers/Third Party/FreeRTOS/portable/MemMang/heap_4.o
 .debug_info    0x000000000000a77a      0x14d ./Drivers/Third Party/SEGGER/Config/SEGGER_SYSVIEW_Config_FreeRTOS.o
 .debug_info    0x000000000000a8c7      0x411 ./Drivers/Third Party/SEGGER/OS/SEGGER_SYSVIEW_FreeRTOS.o
 .debug_info    0x000000000000acd8     0x13d7 ./Drivers/Third Party/SEGGER/SEGGER/SEGGER_RTT.o
 .debug_info    0x000000000000c0af       0x25 ./Drivers/Third Party/SEGGER/SEGGER/SEGGER_RTT_ASM_ARMv7M.o
 .debug_info    0x000000000000c0d4     0x351c ./Drivers/Third Party/SEGGER/SEGGER/SEGGER_SYSVIEW.o

.debug_abbrev   0x0000000000000000     0x2792
 .debug_abbrev  0x0000000000000000      0x2b3 ./Core/Src/main.o
 .debug_abbrev  0x00000000000002b3       0xdb ./Core/Src/stm32f1xx_hal_msp.o
 .debug_abbrev  0x000000000000038e      0x1f3 ./Core/Src/stm32f1xx_hal_timebase_tim.o
 .debug_abbrev  0x0000000000000581      0x17c ./Core/Src/stm32f1xx_it.o
 .debug_abbrev  0x00000000000006fd      0x13f ./Core/Src/system_stm32f1xx.o
 .debug_abbrev  0x000000000000083c       0x12 ./Core/Startup/startup_stm32f103c8tx.o
 .debug_abbrev  0x000000000000084e      0x201 ./Drivers/STM32F1xx_HAL_Driver/Src/stm32f1xx_hal.o
 .debug_abbrev  0x0000000000000a4f      0x2f8 ./Drivers/STM32F1xx_HAL_Driver/Src/stm32f1xx_hal_cortex.o
 .debug_abbrev  0x0000000000000d47      0x1ca ./Drivers/STM32F1xx_HAL_Driver/Src/stm32f1xx_hal_gpio.o
 .debug_abbrev  0x0000000000000f11      0x2b3 ./Drivers/STM32F1xx_HAL_Driver/Src/stm32f1xx_hal_rcc.o
 .debug_abbrev  0x00000000000011c4      0x277 ./Drivers/STM32F1xx_HAL_Driver/Src/stm32f1xx_hal_tim.o
 .debug_abbrev  0x000000000000143b      0x282 ./Drivers/STM32F1xx_HAL_Driver/Src/stm32f1xx_hal_tim_ex.o
 .debug_abbrev  0x00000000000016bd       0xf5 ./Drivers/Third Party/FreeRTOS/list.o
 .debug_abbrev  0x00000000000017b2      0x3bb ./Drivers/Third Party/FreeRTOS/tasks.o
 .debug_abbrev  0x0000000000001b6d      0x20c ./Drivers/Third Party/FreeRTOS/portable/GCC/ARM_CM3/port.o
 .debug_abbrev  0x0000000000001d79      0x1f3 ./Drivers/Third Party/FreeRTOS/portable/MemMang/heap_4.o
 .debug_abbrev  0x0000000000001f6c       0xe0 ./Drivers/Third Party/SEGGER/Config/SEGGER_SYSVIEW_Config_FreeRTOS.o
 .debug_abbrev  0x000000000000204c      0x1a4 ./Drivers/Third Party/SEGGER/OS/SEGGER_SYSVIEW_FreeRTOS.o
 .debug_abbrev  0x00000000000021f0      0x258 ./Drivers/Third Party/SEGGER/SEGGER/SEGGER_RTT.o
 .debug_abbrev  0x0000000000002448       0x14 ./Drivers/Third Party/SEGGER/SEGGER/SEGGER_RTT_ASM_ARMv7M.o
 .debug_abbrev  0x000000000000245c      0x336 ./Drivers/Third Party/SEGGER/SEGGER/SEGGER_SYSVIEW.o

.debug_aranges  0x0000000000000000     0x1090
 .debug_aranges
                0x0000000000000000       0x50 ./Core/Src/main.o
 .debug_aranges
                0x0000000000000050       0x20 ./Core/Src/stm32f1xx_hal_msp.o
 .debug_aranges
                0x0000000000000070       0x30 ./Core/Src/stm32f1xx_hal_timebase_tim.o
 .debug_aranges
                0x00000000000000a0       0x50 ./Core/Src/stm32f1xx_it.o
 .debug_aranges
                0x00000000000000f0       0x28 ./Core/Src/system_stm32f1xx.o
 .debug_aranges
                0x0000000000000118       0x28 ./Core/Startup/startup_stm32f103c8tx.o
 .debug_aranges
                0x0000000000000140       0xe0 ./Drivers/STM32F1xx_HAL_Driver/Src/stm32f1xx_hal.o
 .debug_aranges
                0x0000000000000220      0x100 ./Drivers/STM32F1xx_HAL_Driver/Src/stm32f1xx_hal_cortex.o
 .debug_aranges
                0x0000000000000320       0x58 ./Drivers/STM32F1xx_HAL_Driver/Src/stm32f1xx_hal_gpio.o
 .debug_aranges
                0x0000000000000378       0x90 ./Drivers/STM32F1xx_HAL_Driver/Src/stm32f1xx_hal_rcc.o
 .debug_aranges
                0x0000000000000408      0x3d0 ./Drivers/STM32F1xx_HAL_Driver/Src/stm32f1xx_hal_tim.o
 .debug_aranges
                0x00000000000007d8      0x168 ./Drivers/STM32F1xx_HAL_Driver/Src/stm32f1xx_hal_tim_ex.o
 .debug_aranges
                0x0000000000000940       0x40 ./Drivers/Third Party/FreeRTOS/list.o
 .debug_aranges
                0x0000000000000980      0x1f8 ./Drivers/Third Party/FreeRTOS/tasks.o
 .debug_aranges
                0x0000000000000b78       0x70 ./Drivers/Third Party/FreeRTOS/portable/GCC/ARM_CM3/port.o
 .debug_aranges
                0x0000000000000be8       0x60 ./Drivers/Third Party/FreeRTOS/portable/MemMang/heap_4.o
 .debug_aranges
                0x0000000000000c48       0x28 ./Drivers/Third Party/SEGGER/Config/SEGGER_SYSVIEW_Config_FreeRTOS.o
 .debug_aranges
                0x0000000000000c70       0x48 ./Drivers/Third Party/SEGGER/OS/SEGGER_SYSVIEW_FreeRTOS.o
 .debug_aranges
                0x0000000000000cb8      0x138 ./Drivers/Third Party/SEGGER/SEGGER/SEGGER_RTT.o
 .debug_aranges
                0x0000000000000df0       0x20 ./Drivers/Third Party/SEGGER/SEGGER/SEGGER_RTT_ASM_ARMv7M.o
 .debug_aranges
                0x0000000000000e10      0x280 ./Drivers/Third Party/SEGGER/SEGGER/SEGGER_SYSVIEW.o

.debug_rnglists
                0x0000000000000000      0xcb8
 .debug_rnglists
                0x0000000000000000       0x39 ./Core/Src/main.o
 .debug_rnglists
                0x0000000000000039       0x13 ./Core/Src/stm32f1xx_hal_msp.o
 .debug_rnglists
                0x000000000000004c       0x20 ./Core/Src/stm32f1xx_hal_timebase_tim.o
 .debug_rnglists
                0x000000000000006c       0x37 ./Core/Src/stm32f1xx_it.o
 .debug_rnglists
                0x00000000000000a3       0x1a ./Core/Src/system_stm32f1xx.o
 .debug_rnglists
                0x00000000000000bd       0x19 ./Core/Startup/startup_stm32f103c8tx.o
 .debug_rnglists
                0x00000000000000d6       0xa3 ./Drivers/STM32F1xx_HAL_Driver/Src/stm32f1xx_hal.o
 .debug_rnglists
                0x0000000000000179       0xbb ./Drivers/STM32F1xx_HAL_Driver/Src/stm32f1xx_hal_cortex.o
 .debug_rnglists
                0x0000000000000234       0x3f ./Drivers/STM32F1xx_HAL_Driver/Src/stm32f1xx_hal_gpio.o
 .debug_rnglists
                0x0000000000000273       0x6c ./Drivers/STM32F1xx_HAL_Driver/Src/stm32f1xx_hal_rcc.o
 .debug_rnglists
                0x00000000000002df      0x31a ./Drivers/STM32F1xx_HAL_Driver/Src/stm32f1xx_hal_tim.o
 .debug_rnglists
                0x00000000000005f9      0x125 ./Drivers/STM32F1xx_HAL_Driver/Src/stm32f1xx_hal_tim_ex.o
 .debug_rnglists
                0x000000000000071e       0x2b ./Drivers/Third Party/FreeRTOS/list.o
 .debug_rnglists
                0x0000000000000749      0x193 ./Drivers/Third Party/FreeRTOS/tasks.o
 .debug_rnglists
                0x00000000000008dc       0x4f ./Drivers/Third Party/FreeRTOS/portable/GCC/ARM_CM3/port.o
 .debug_rnglists
                0x000000000000092b       0x47 ./Drivers/Third Party/FreeRTOS/portable/MemMang/heap_4.o
 .debug_rnglists
                0x0000000000000972       0x19 ./Drivers/Third Party/SEGGER/Config/SEGGER_SYSVIEW_Config_FreeRTOS.o
 .debug_rnglists
                0x000000000000098b       0x36 ./Drivers/Third Party/SEGGER/OS/SEGGER_SYSVIEW_FreeRTOS.o
 .debug_rnglists
                0x00000000000009c1       0xf5 ./Drivers/Third Party/SEGGER/SEGGER/SEGGER_RTT.o
 .debug_rnglists
                0x0000000000000ab6      0x202 ./Drivers/Third Party/SEGGER/SEGGER/SEGGER_SYSVIEW.o

.debug_macro    0x0000000000000000    0x19970
 .debug_macro   0x0000000000000000      0x340 ./Core/Src/main.o
 .debug_macro   0x0000000000000340      0xa9c ./Core/Src/main.o
 .debug_macro   0x0000000000000ddc      0x215 ./Core/Src/main.o
 .debug_macro   0x0000000000000ff1       0x2e ./Core/Src/main.o
 .debug_macro   0x000000000000101f       0x22 ./Core/Src/main.o
 .debug_macro   0x0000000000001041       0x22 ./Core/Src/main.o
 .debug_macro   0x0000000000001063       0x8e ./Core/Src/main.o
 .debug_macro   0x00000000000010f1       0x51 ./Core/Src/main.o
 .debug_macro   0x0000000000001142      0x103 ./Core/Src/main.o
 .debug_macro   0x0000000000001245       0x6a ./Core/Src/main.o
 .debug_macro   0x00000000000012af      0x1df ./Core/Src/main.o
 .debug_macro   0x000000000000148e       0x1c ./Core/Src/main.o
 .debug_macro   0x00000000000014aa       0x22 ./Core/Src/main.o
 .debug_macro   0x00000000000014cc       0xbd ./Core/Src/main.o
 .debug_macro   0x0000000000001589      0xd23 ./Core/Src/main.o
 .debug_macro   0x00000000000022ac     0xe09e ./Core/Src/main.o
 .debug_macro   0x000000000001034a       0x6d ./Core/Src/main.o
 .debug_macro   0x00000000000103b7     0x348d ./Core/Src/main.o
 .debug_macro   0x0000000000013844      0x174 ./Core/Src/main.o
 .debug_macro   0x00000000000139b8       0x5c ./Core/Src/main.o
 .debug_macro   0x0000000000013a14      0x5bc ./Core/Src/main.o
 .debug_macro   0x0000000000013fd0      0x289 ./Core/Src/main.o
 .debug_macro   0x0000000000014259      0x1cb ./Core/Src/main.o
 .debug_macro   0x0000000000014424      0x114 ./Core/Src/main.o
 .debug_macro   0x0000000000014538      0x1b2 ./Core/Src/main.o
 .debug_macro   0x00000000000146ea       0x27 ./Core/Src/main.o
 .debug_macro   0x0000000000014711      0x136 ./Core/Src/main.o
 .debug_macro   0x0000000000014847      0x1bc ./Core/Src/main.o
 .debug_macro   0x0000000000014a03       0x34 ./Core/Src/main.o
 .debug_macro   0x0000000000014a37       0x3c ./Core/Src/main.o
 .debug_macro   0x0000000000014a73       0x57 ./Core/Src/main.o
 .debug_macro   0x0000000000014aca       0x87 ./Core/Src/main.o
 .debug_macro   0x0000000000014b51      0x240 ./Core/Src/main.o
 .debug_macro   0x0000000000014d91      0x140 ./Core/Src/main.o
 .debug_macro   0x0000000000014ed1      0x8ed ./Core/Src/main.o
 .debug_macro   0x00000000000157be       0x83 ./Core/Src/main.o
 .debug_macro   0x0000000000015841       0xf4 ./Core/Src/main.o
 .debug_macro   0x0000000000015935       0x58 ./Core/Src/main.o
 .debug_macro   0x000000000001598d       0x46 ./Core/Src/main.o
 .debug_macro   0x00000000000159d3       0x64 ./Core/Src/main.o
 .debug_macro   0x0000000000015a37       0x49 ./Core/Src/main.o
 .debug_macro   0x0000000000015a80       0xc3 ./Core/Src/main.o
 .debug_macro   0x0000000000015b43      0x204 ./Core/Src/main.o
 .debug_macro   0x0000000000015d47      0x450 ./Core/Src/main.o
 .debug_macro   0x0000000000016197      0x15a ./Core/Src/main.o
 .debug_macro   0x00000000000162f1       0xe3 ./Core/Src/main.o
 .debug_macro   0x00000000000163d4       0x28 ./Core/Src/main.o
 .debug_macro   0x00000000000163fc       0x1f ./Core/Src/main.o
 .debug_macro   0x000000000001641b       0x12 ./Core/Src/main.o
 .debug_macro   0x000000000001642d      0x42a ./Core/Src/main.o
 .debug_macro   0x0000000000016857       0xc3 ./Core/Src/main.o
 .debug_macro   0x000000000001691a      0x120 ./Core/Src/main.o
 .debug_macro   0x0000000000016a3a       0x61 ./Core/Src/main.o
 .debug_macro   0x0000000000016a9b       0x24 ./Core/Src/main.o
 .debug_macro   0x0000000000016abf       0x43 ./Core/Src/main.o
 .debug_macro   0x0000000000016b02       0x34 ./Core/Src/main.o
 .debug_macro   0x0000000000016b36       0x16 ./Core/Src/main.o
 .debug_macro   0x0000000000016b4c       0x35 ./Core/Src/main.o
 .debug_macro   0x0000000000016b81      0x369 ./Core/Src/main.o
 .debug_macro   0x0000000000016eea       0x16 ./Core/Src/main.o
 .debug_macro   0x0000000000016f00       0x43 ./Core/Src/main.o
 .debug_macro   0x0000000000016f43       0x34 ./Core/Src/main.o
 .debug_macro   0x0000000000016f77       0x10 ./Core/Src/main.o
 .debug_macro   0x0000000000016f87       0x58 ./Core/Src/main.o
 .debug_macro   0x0000000000016fdf       0x8e ./Core/Src/main.o
 .debug_macro   0x000000000001706d       0x1c ./Core/Src/main.o
 .debug_macro   0x0000000000017089      0x177 ./Core/Src/main.o
 .debug_macro   0x0000000000017200       0x16 ./Core/Src/main.o
 .debug_macro   0x0000000000017216       0x16 ./Core/Src/main.o
 .debug_macro   0x000000000001722c      0x147 ./Core/Src/main.o
 .debug_macro   0x0000000000017373      0x1a3 ./Core/Src/stm32f1xx_hal_msp.o
 .debug_macro   0x0000000000017516      0x199 ./Core/Src/stm32f1xx_hal_timebase_tim.o
 .debug_macro   0x00000000000176af      0x1ad ./Core/Src/stm32f1xx_it.o
 .debug_macro   0x000000000001785c      0x199 ./Core/Src/system_stm32f1xx.o
 .debug_macro   0x00000000000179f5      0x1bd ./Drivers/STM32F1xx_HAL_Driver/Src/stm32f1xx_hal.o
 .debug_macro   0x0000000000017bb2      0x199 ./Drivers/STM32F1xx_HAL_Driver/Src/stm32f1xx_hal_cortex.o
 .debug_macro   0x0000000000017d4b      0x204 ./Drivers/STM32F1xx_HAL_Driver/Src/stm32f1xx_hal_gpio.o
 .debug_macro   0x0000000000017f4f      0x1ab ./Drivers/STM32F1xx_HAL_Driver/Src/stm32f1xx_hal_rcc.o
 .debug_macro   0x00000000000180fa      0x19a ./Drivers/STM32F1xx_HAL_Driver/Src/stm32f1xx_hal_tim.o
 .debug_macro   0x0000000000018294      0x199 ./Drivers/STM32F1xx_HAL_Driver/Src/stm32f1xx_hal_tim_ex.o
 .debug_macro   0x000000000001842d      0x1f9 ./Drivers/Third Party/FreeRTOS/list.o
 .debug_macro   0x0000000000018626      0x2df ./Drivers/Third Party/FreeRTOS/tasks.o
 .debug_macro   0x0000000000018905       0x17 ./Drivers/Third Party/FreeRTOS/tasks.o
 .debug_macro   0x000000000001891c      0x1e4 ./Drivers/Third Party/FreeRTOS/portable/GCC/ARM_CM3/port.o
 .debug_macro   0x0000000000018b00      0x27a ./Drivers/Third Party/FreeRTOS/portable/MemMang/heap_4.o
 .debug_macro   0x0000000000018d7a      0x13c ./Drivers/Third Party/SEGGER/Config/SEGGER_SYSVIEW_Config_FreeRTOS.o
 .debug_macro   0x0000000000018eb6      0x208 ./Drivers/Third Party/SEGGER/OS/SEGGER_SYSVIEW_FreeRTOS.o
 .debug_macro   0x00000000000190be      0x1bd ./Drivers/Third Party/SEGGER/SEGGER/SEGGER_RTT.o
 .debug_macro   0x000000000001927b       0x34 ./Drivers/Third Party/SEGGER/SEGGER/SEGGER_RTT.o
 .debug_macro   0x00000000000192af      0x138 ./Drivers/Third Party/SEGGER/SEGGER/SEGGER_RTT.o
 .debug_macro   0x00000000000193e7      0x21d ./Drivers/Third Party/SEGGER/SEGGER/SEGGER_SYSVIEW.o
 .debug_macro   0x0000000000019604      0x204 ./Drivers/Third Party/SEGGER/SEGGER/SEGGER_SYSVIEW.o
 .debug_macro   0x0000000000019808      0x168 ./Drivers/Third Party/SEGGER/SEGGER/SEGGER_SYSVIEW.o

.debug_line     0x0000000000000000    0x12299
 .debug_line    0x0000000000000000      0xcce ./Core/Src/main.o
 .debug_line    0x0000000000000cce      0x6e6 ./Core/Src/stm32f1xx_hal_msp.o
 .debug_line    0x00000000000013b4      0x761 ./Core/Src/stm32f1xx_hal_timebase_tim.o
 .debug_line    0x0000000000001b15      0x781 ./Core/Src/stm32f1xx_it.o
 .debug_line    0x0000000000002296      0x763 ./Core/Src/system_stm32f1xx.o
 .debug_line    0x00000000000029f9       0x78 ./Core/Startup/startup_stm32f103c8tx.o
 .debug_line    0x0000000000002a71      0x990 ./Drivers/STM32F1xx_HAL_Driver/Src/stm32f1xx_hal.o
 .debug_line    0x0000000000003401      0xb78 ./Drivers/STM32F1xx_HAL_Driver/Src/stm32f1xx_hal_cortex.o
 .debug_line    0x0000000000003f79      0xa29 ./Drivers/STM32F1xx_HAL_Driver/Src/stm32f1xx_hal_gpio.o
 .debug_line    0x00000000000049a2      0xd99 ./Drivers/STM32F1xx_HAL_Driver/Src/stm32f1xx_hal_rcc.o
 .debug_line    0x000000000000573b     0x347c ./Drivers/STM32F1xx_HAL_Driver/Src/stm32f1xx_hal_tim.o
 .debug_line    0x0000000000008bb7     0x18ef ./Drivers/STM32F1xx_HAL_Driver/Src/stm32f1xx_hal_tim_ex.o
 .debug_line    0x000000000000a4a6      0x9ef ./Drivers/Third Party/FreeRTOS/list.o
 .debug_line    0x000000000000ae95     0x1c44 ./Drivers/Third Party/FreeRTOS/tasks.o
 .debug_line    0x000000000000cad9      0x961 ./Drivers/Third Party/FreeRTOS/portable/GCC/ARM_CM3/port.o
 .debug_line    0x000000000000d43a      0xc12 ./Drivers/Third Party/FreeRTOS/portable/MemMang/heap_4.o
 .debug_line    0x000000000000e04c      0x7c6 ./Drivers/Third Party/SEGGER/Config/SEGGER_SYSVIEW_Config_FreeRTOS.o
 .debug_line    0x000000000000e812      0xac2 ./Drivers/Third Party/SEGGER/OS/SEGGER_SYSVIEW_FreeRTOS.o
 .debug_line    0x000000000000f2d4      0xeed ./Drivers/Third Party/SEGGER/SEGGER/SEGGER_RTT.o
 .debug_line    0x00000000000101c1       0x84 ./Drivers/Third Party/SEGGER/SEGGER/SEGGER_RTT_ASM_ARMv7M.o
 .debug_line    0x0000000000010245     0x2054 ./Drivers/Third Party/SEGGER/SEGGER/SEGGER_SYSVIEW.o

.debug_str      0x0000000000000000    0x9545d
 .debug_str     0x0000000000000000    0x8e271 ./Core/Src/main.o
                                      0x8e6c1 (size before relaxing)
 .debug_str     0x000000000008e271       0x5a ./Core/Src/stm32f1xx_hal_msp.o
                                      0x819a1 (size before relaxing)
 .debug_str     0x000000000008e2cb      0x39d ./Core/Src/stm32f1xx_hal_timebase_tim.o
                                      0x82294 (size before relaxing)
 .debug_str     0x000000000008e668       0xb5 ./Core/Src/stm32f1xx_it.o
                                      0x81e70 (size before relaxing)
 .debug_str     0x000000000008e71d       0x88 ./Core/Src/system_stm32f1xx.o
                                      0x819cc (size before relaxing)
 .debug_str     0x000000000008e7a5       0x34 ./Core/Startup/startup_stm32f103c8tx.o
                                         0x77 (size before relaxing)
 .debug_str     0x000000000008e7d9      0x34a ./Drivers/STM32F1xx_HAL_Driver/Src/stm32f1xx_hal.o
                                      0x820ff (size before relaxing)
 .debug_str     0x000000000008eb23      0x2a8 ./Drivers/STM32F1xx_HAL_Driver/Src/stm32f1xx_hal_cortex.o
                                      0x8204b (size before relaxing)
 .debug_str     0x000000000008edcb      0x2f6 ./Drivers/STM32F1xx_HAL_Driver/Src/stm32f1xx_hal_gpio.o
                                      0x81d52 (size before relaxing)
 .debug_str     0x000000000008f0c1      0x1f3 ./Drivers/STM32F1xx_HAL_Driver/Src/stm32f1xx_hal_rcc.o
                                      0x81dfb (size before relaxing)
 .debug_str     0x000000000008f2b4      0xe69 ./Drivers/STM32F1xx_HAL_Driver/Src/stm32f1xx_hal_tim.o
                                      0x82ded (size before relaxing)
 .debug_str     0x000000000009011d      0x503 ./Drivers/STM32F1xx_HAL_Driver/Src/stm32f1xx_hal_tim_ex.o
                                      0x82609 (size before relaxing)
 .debug_str     0x0000000000090620      0x25c ./Drivers/Third Party/FreeRTOS/list.o
                                       0xeeec (size before relaxing)
 .debug_str     0x000000000009087c     0x1f00 ./Drivers/Third Party/FreeRTOS/tasks.o
                                      0x12124 (size before relaxing)
 .debug_str     0x000000000009277c      0x61e ./Drivers/Third Party/FreeRTOS/portable/GCC/ARM_CM3/port.o
                                       0xd546 (size before relaxing)
 .debug_str     0x0000000000092d9a      0x5e9 ./Drivers/Third Party/FreeRTOS/portable/MemMang/heap_4.o
                                      0x106f7 (size before relaxing)
 .debug_str     0x0000000000093383      0x1c3 ./Drivers/Third Party/SEGGER/Config/SEGGER_SYSVIEW_Config_FreeRTOS.o
                                       0xb24d (size before relaxing)
 .debug_str     0x0000000000093546       0xff ./Drivers/Third Party/SEGGER/OS/SEGGER_SYSVIEW_FreeRTOS.o
                                      0x10141 (size before relaxing)
 .debug_str     0x0000000000093645     0x103f ./Drivers/Third Party/SEGGER/SEGGER/SEGGER_RTT.o
                                       0x7b33 (size before relaxing)
 .debug_str     0x0000000000094684       0x3d ./Drivers/Third Party/SEGGER/SEGGER/SEGGER_RTT_ASM_ARMv7M.o
                                         0x8c (size before relaxing)
 .debug_str     0x00000000000946c1      0xd9c ./Drivers/Third Party/SEGGER/SEGGER/SEGGER_SYSVIEW.o
                                       0x9b28 (size before relaxing)

.debug_frame    0x0000000000000000     0x49c4
 .debug_frame   0x0000000000000000       0xf4 ./Core/Src/main.o
 .debug_frame   0x00000000000000f4       0x38 ./Core/Src/stm32f1xx_hal_msp.o
 .debug_frame   0x000000000000012c       0x74 ./Core/Src/stm32f1xx_hal_timebase_tim.o
 .debug_frame   0x00000000000001a0       0xc4 ./Core/Src/stm32f1xx_it.o
 .debug_frame   0x0000000000000264       0x58 ./Core/Src/system_stm32f1xx.o
 .debug_frame   0x00000000000002bc      0x334 ./Drivers/STM32F1xx_HAL_Driver/Src/stm32f1xx_hal.o
 .debug_frame   0x00000000000005f0      0x428 ./Drivers/STM32F1xx_HAL_Driver/Src/stm32f1xx_hal_cortex.o
 .debug_frame   0x0000000000000a18      0x14c ./Drivers/STM32F1xx_HAL_Driver/Src/stm32f1xx_hal_gpio.o
 .debug_frame   0x0000000000000b64      0x218 ./Drivers/STM32F1xx_HAL_Driver/Src/stm32f1xx_hal_rcc.o
 .debug_frame   0x0000000000000d7c     0x11bc ./Drivers/STM32F1xx_HAL_Driver/Src/stm32f1xx_hal_tim.o
 .debug_frame   0x0000000000001f38      0x638 ./Drivers/STM32F1xx_HAL_Driver/Src/stm32f1xx_hal_tim_ex.o
 .debug_frame   0x0000000000002570       0xd8 ./Drivers/Third Party/FreeRTOS/list.o
 .debug_frame   0x0000000000002648      0x8b0 ./Drivers/Third Party/FreeRTOS/tasks.o
 .debug_frame   0x0000000000002ef8      0x160 ./Drivers/Third Party/FreeRTOS/portable/GCC/ARM_CM3/port.o
 .debug_frame   0x0000000000003058      0x150 ./Drivers/Third Party/FreeRTOS/portable/MemMang/heap_4.o
 .debug_frame   0x00000000000031a8       0x48 ./Drivers/Third Party/SEGGER/Config/SEGGER_SYSVIEW_Config_FreeRTOS.o
 .debug_frame   0x00000000000031f0      0x104 ./Drivers/Third Party/SEGGER/OS/SEGGER_SYSVIEW_FreeRTOS.o
 .debug_frame   0x00000000000032f4      0x530 ./Drivers/Third Party/SEGGER/SEGGER/SEGGER_RTT.o
 .debug_frame   0x0000000000003824      0xbc4 ./Drivers/Third Party/SEGGER/SEGGER/SEGGER_SYSVIEW.o
 .debug_frame   0x00000000000043e8      0x13c C:/ST/STM32CubeIDE_1.13.0/STM32CubeIDE/plugins/com.st.stm32cube.ide.mcu.externaltools.gnu-tools-for-stm32.11.3.rel1.win32_1.1.0.202305231506/tools/bin/../lib/gcc/arm-none-eabi/11.3.1/../../../../arm-none-eabi/lib/thumb/v7-m/nofp\libc_nano.a(libc_a-findfp.o)
 .debug_frame   0x0000000000004524       0x7c C:/ST/STM32CubeIDE_1.13.0/STM32CubeIDE/plugins/com.st.stm32cube.ide.mcu.externaltools.gnu-tools-for-stm32.11.3.rel1.win32_1.1.0.202305231506/tools/bin/../lib/gcc/arm-none-eabi/11.3.1/../../../../arm-none-eabi/lib/thumb/v7-m/nofp\libc_nano.a(libc_a-snprintf.o)
 .debug_frame   0x00000000000045a0       0x28 C:/ST/STM32CubeIDE_1.13.0/STM32CubeIDE/plugins/com.st.stm32cube.ide.mcu.externaltools.gnu-tools-for-stm32.11.3.rel1.win32_1.1.0.202305231506/tools/bin/../lib/gcc/arm-none-eabi/11.3.1/../../../../arm-none-eabi/lib/thumb/v7-m/nofp\libc_nano.a(libc_a-memcmp.o)